Archive member included to satisfy reference by file (symbol)

/usr/lib/gcc/arm-none-eabi/10.3.1/thumb/v6-m/nofp/libgcc.a(_dvmd_tls.o)
                              CMakeFiles/pico_neo_pixel.dir/home/spencer/pico-sdk/src/rp2_common/pico_divider/divider.S.obj (__aeabi_idiv0)
/usr/lib/gcc/arm-none-eabi/10.3.1/../../../arm-none-eabi/lib/thumb/v6-m/nofp/libg.a(lib_a-atexit.o)
                              /usr/lib/gcc/arm-none-eabi/10.3.1/../../../arm-none-eabi/lib/thumb/v6-m/nofp/crt0.o (atexit)
/usr/lib/gcc/arm-none-eabi/10.3.1/../../../arm-none-eabi/lib/thumb/v6-m/nofp/libg.a(lib_a-calloc.o)
                              CMakeFiles/pico_neo_pixel.dir/home/spencer/pico-sdk/src/rp2_common/pico_malloc/pico_malloc.c.obj (calloc)
/usr/lib/gcc/arm-none-eabi/10.3.1/../../../arm-none-eabi/lib/thumb/v6-m/nofp/libg.a(lib_a-callocr.o)
                              /usr/lib/gcc/arm-none-eabi/10.3.1/../../../arm-none-eabi/lib/thumb/v6-m/nofp/libg.a(lib_a-calloc.o) (_calloc_r)
/usr/lib/gcc/arm-none-eabi/10.3.1/../../../arm-none-eabi/lib/thumb/v6-m/nofp/libg.a(lib_a-ctype_.o)
                              CMakeFiles/pico_neo_pixel.dir/home/spencer/pico-sdk/lib/tinyusb/src/tusb.c.obj (_ctype_)
/usr/lib/gcc/arm-none-eabi/10.3.1/../../../arm-none-eabi/lib/thumb/v6-m/nofp/libg.a(lib_a-fini.o)
                              /usr/lib/gcc/arm-none-eabi/10.3.1/../../../arm-none-eabi/lib/thumb/v6-m/nofp/crt0.o (__libc_fini_array)
/usr/lib/gcc/arm-none-eabi/10.3.1/../../../arm-none-eabi/lib/thumb/v6-m/nofp/libg.a(lib_a-impure.o)
                              /usr/lib/gcc/arm-none-eabi/10.3.1/../../../arm-none-eabi/lib/thumb/v6-m/nofp/libg.a(lib_a-calloc.o) (_impure_ptr)
/usr/lib/gcc/arm-none-eabi/10.3.1/../../../arm-none-eabi/lib/thumb/v6-m/nofp/libg.a(lib_a-init.o)
                              /usr/lib/gcc/arm-none-eabi/10.3.1/../../../arm-none-eabi/lib/thumb/v6-m/nofp/crt0.o (__libc_init_array)
/usr/lib/gcc/arm-none-eabi/10.3.1/../../../arm-none-eabi/lib/thumb/v6-m/nofp/libg.a(lib_a-malloc.o)
                              CMakeFiles/pico_neo_pixel.dir/home/spencer/pico-sdk/src/rp2_common/pico_malloc/pico_malloc.c.obj (malloc)
/usr/lib/gcc/arm-none-eabi/10.3.1/../../../arm-none-eabi/lib/thumb/v6-m/nofp/libg.a(lib_a-mallocr.o)
                              /usr/lib/gcc/arm-none-eabi/10.3.1/../../../arm-none-eabi/lib/thumb/v6-m/nofp/libg.a(lib_a-callocr.o) (_malloc_r)
/usr/lib/gcc/arm-none-eabi/10.3.1/../../../arm-none-eabi/lib/thumb/v6-m/nofp/libg.a(lib_a-mlock.o)
                              /usr/lib/gcc/arm-none-eabi/10.3.1/../../../arm-none-eabi/lib/thumb/v6-m/nofp/libg.a(lib_a-mallocr.o) (__malloc_lock)
/usr/lib/gcc/arm-none-eabi/10.3.1/../../../arm-none-eabi/lib/thumb/v6-m/nofp/libg.a(lib_a-sbrkr.o)
                              /usr/lib/gcc/arm-none-eabi/10.3.1/../../../arm-none-eabi/lib/thumb/v6-m/nofp/libg.a(lib_a-mallocr.o) (_sbrk_r)
/usr/lib/gcc/arm-none-eabi/10.3.1/../../../arm-none-eabi/lib/thumb/v6-m/nofp/libg.a(lib_a-strlen-stub.o)
                              CMakeFiles/pico_neo_pixel.dir/home/spencer/pico-sdk/src/rp2_common/pico_stdio/stdio.c.obj (strlen)
/usr/lib/gcc/arm-none-eabi/10.3.1/../../../arm-none-eabi/lib/thumb/v6-m/nofp/libg.a(lib_a-__atexit.o)
                              /usr/lib/gcc/arm-none-eabi/10.3.1/../../../arm-none-eabi/lib/thumb/v6-m/nofp/libg.a(lib_a-atexit.o) (__register_exitproc)
/usr/lib/gcc/arm-none-eabi/10.3.1/../../../arm-none-eabi/lib/thumb/v6-m/nofp/libg.a(lib_a-freer.o)
                              /usr/lib/gcc/arm-none-eabi/10.3.1/../../../arm-none-eabi/lib/thumb/v6-m/nofp/libg.a(lib_a-malloc.o) (_free_r)
/usr/lib/gcc/arm-none-eabi/10.3.1/../../../arm-none-eabi/lib/thumb/v6-m/nofp/libg.a(lib_a-reent.o)
                              /usr/lib/gcc/arm-none-eabi/10.3.1/../../../arm-none-eabi/lib/thumb/v6-m/nofp/libg.a(lib_a-sbrkr.o) (errno)

Discarded input sections

 .text          0x0000000000000000        0x0 /usr/lib/gcc/arm-none-eabi/10.3.1/thumb/v6-m/nofp/crti.o
 .data          0x0000000000000000        0x0 /usr/lib/gcc/arm-none-eabi/10.3.1/thumb/v6-m/nofp/crti.o
 .bss           0x0000000000000000        0x0 /usr/lib/gcc/arm-none-eabi/10.3.1/thumb/v6-m/nofp/crti.o
 .data          0x0000000000000000        0x4 /usr/lib/gcc/arm-none-eabi/10.3.1/thumb/v6-m/nofp/crtbegin.o
 .rodata        0x0000000000000000       0x24 /usr/lib/gcc/arm-none-eabi/10.3.1/thumb/v6-m/nofp/crtbegin.o
 .fini_array    0x0000000000000000        0x4 /usr/lib/gcc/arm-none-eabi/10.3.1/thumb/v6-m/nofp/crtbegin.o
 .text          0x0000000000000000       0x74 /usr/lib/gcc/arm-none-eabi/10.3.1/../../../arm-none-eabi/lib/thumb/v6-m/nofp/crt0.o
 .data          0x0000000000000000        0x0 /usr/lib/gcc/arm-none-eabi/10.3.1/../../../arm-none-eabi/lib/thumb/v6-m/nofp/crt0.o
 .bss           0x0000000000000000        0x0 /usr/lib/gcc/arm-none-eabi/10.3.1/../../../arm-none-eabi/lib/thumb/v6-m/nofp/crt0.o
[...]
Memory Configuration

Name             Origin             Length             Attributes
FLASH            0x0000000010000000 0x0000000000200000 xr
RAM              0x0000000020000000 0x0000000000040000 xrw
SCRATCH_X        0x0000000020040000 0x0000000000001000 xrw
SCRATCH_Y        0x0000000020041000 0x0000000000001000 xrw
*default*        0x0000000000000000 0xffffffffffffffff

Linker script and memory map

LOAD /usr/lib/gcc/arm-none-eabi/10.3.1/thumb/v6-m/nofp/crti.o
LOAD /usr/lib/gcc/arm-none-eabi/10.3.1/thumb/v6-m/nofp/crtbegin.o
LOAD /usr/lib/gcc/arm-none-eabi/10.3.1/../../../arm-none-eabi/lib/thumb/v6-m/nofp/crt0.o

.flash_begin    0x0000000010000000        0x0
                0x0000000010000000                __flash_binary_start = .

.boot2          0x0000000010000000      0x100
                0x0000000010000000                __boot2_start__ = .
 *(.boot2)
 .boot2         0x0000000010000000      0x100 /tmp/ccGjehhl.o
                0x0000000010000100                __boot2_end__ = .
                0x0000000000000001                ASSERT (((__boot2_end__ - __boot2_start__) == 0x100), ERROR: Pico second stage bootloader must be 256 bytes in size)

.text           0x0000000010000100     0x6da8
                0x0000000010000100                __logical_binary_start = .
 *(.vectors)
 .vectors       0x0000000010000100       0xd4 CMakeFiles/pico_neo_pixel.dir/home/spencer/pico-sdk/src/rp2_common/pico_standard_link/crt0.S.obj
                0x0000000010000100                __vectors
                0x0000000010000100                __VECTOR_TABLE
                0x00000000100001c0                isr_invalid
                0x00000000100001c0                __default_isrs_start
                0x00000000100001c2                isr_nmi
                0x00000000100001c4                isr_hardfault
                0x00000000100001c6                isr_svcall
                0x00000000100001c8                isr_pendsv
                0x00000000100001ca                isr_systick
                0x00000000100001cc                isr_irq30
                0x00000000100001cc                __unhandled_user_irq
                0x00000000100001cc                isr_irq13
                0x00000000100001cc                isr_irq27
                0x00000000100001cc                isr_irq31
                0x00000000100001cc                isr_irq5
                0x00000000100001cc                isr_irq11
                0x00000000100001cc                isr_irq23
                0x00000000100001cc                isr_irq18
                0x00000000100001cc                isr_irq28
                0x00000000100001cc                isr_irq19
                0x00000000100001cc                isr_irq0
                0x00000000100001cc                isr_irq6
                0x00000000100001cc                isr_irq22
                0x00000000100001cc                isr_irq17
                0x00000000100001cc                isr_irq14
                0x00000000100001cc                isr_irq2
                0x00000000100001cc                isr_irq10
                0x00000000100001cc                isr_irq8
                0x00000000100001cc                isr_irq24
                0x00000000100001cc                isr_irq1
                0x00000000100001cc                isr_irq7
                0x00000000100001cc                isr_irq21
                0x00000000100001cc                isr_irq20
                0x00000000100001cc                isr_irq15
                0x00000000100001cc                isr_irq25
                0x00000000100001cc                isr_irq4
                0x00000000100001cc                isr_irq16
                0x00000000100001cc                isr_irq29
                0x00000000100001cc                isr_irq26
                0x00000000100001cc                __default_isrs_end
                0x00000000100001cc                isr_irq3
                0x00000000100001cc                isr_irq12
                0x00000000100001cc                isr_irq9
                0x00000000100001d2                unhandled_user_irq_num_in_r0
 *(.binary_info_header)
 .binary_info_header
                0x00000000100001d4       0x14 CMakeFiles/pico_neo_pixel.dir/home/spencer/pico-sdk/src/rp2_common/pico_standard_link/crt0.S.obj
                0x00000000100001e8                __binary_info_header_end = .
 *(.reset)
 .reset         0x00000000100001e8       0xa8 CMakeFiles/pico_neo_pixel.dir/home/spencer/pico-sdk/src/rp2_common/pico_standard_link/crt0.S.obj
                0x00000000100001e8                _entry_point
                0x0000000010000266                __get_current_exception
 .reset         0x0000000010000290       0x30 CMakeFiles/pico_neo_pixel.dir/home/spencer/pico-sdk/src/rp2_common/pico_standard_link/binary_info.c.obj
 *(.init)
 .init          0x00000000100002c0        0x4 /usr/lib/gcc/arm-none-eabi/10.3.1/thumb/v6-m/nofp/crti.o
                0x00000000100002c0                _init
 *(EXCLUDE_FILE(*libm.a: *libc.a:*lib_a-mem*.o *libgcc.a:) .text*)
 .text          0x00000000100002c4       0x98 /usr/lib/gcc/arm-none-eabi/10.3.1/thumb/v6-m/nofp/crtbegin.o
 .text.alarm_callback
                0x000000001000035c        0x6 CMakeFiles/pico_neo_pixel.dir/pico_neo_pixel.c.obj
                0x000000001000035c                alarm_callback
 *fill*         0x0000000010000362        0x2 
 .text.main     0x0000000010000364       0x90 CMakeFiles/pico_neo_pixel.dir/pico_neo_pixel.c.obj
                0x0000000010000364                main
 .text.hw_claim_lock
                0x00000000100003f4       0x18 CMakeFiles/pico_neo_pixel.dir/home/spencer/pico-sdk/src/rp2_common/hardware_claim/claim.c.obj
                0x00000000100003f4                hw_claim_lock
 .text.hw_claim_unlock
                0x000000001000040c       0x14 CMakeFiles/pico_neo_pixel.dir/home/spencer/pico-sdk/src/rp2_common/hardware_claim/claim.c.obj
                0x000000001000040c                hw_claim_unlock
 .text.hw_claim_or_assert
                0x0000000010000420       0x32 CMakeFiles/pico_neo_pixel.dir/home/spencer/pico-sdk/src/rp2_common/hardware_claim/claim.c.obj
                0x0000000010000420                hw_claim_or_assert
 .text.hw_claim_unused_from_range
                0x0000000010000452       0x50 CMakeFiles/pico_neo_pixel.dir/home/spencer/pico-sdk/src/rp2_common/hardware_claim/claim.c.obj
                0x0000000010000452                hw_claim_unused_from_range
 *fill*         0x00000000100004a2        0x2 
 .text.running_on_fpga
                0x00000000100004a4       0x14 CMakeFiles/pico_neo_pixel.dir/home/spencer/pico-sdk/src/rp2_common/pico_platform/platform.c.obj
                0x00000000100004a4                running_on_fpga
 .text.spin_locks_reset
                0x00000000100004b8       0x20 CMakeFiles/pico_neo_pixel.dir/home/spencer/pico-sdk/src/rp2_common/hardware_sync/sync.c.obj
                0x00000000100004b8                spin_locks_reset
 .text.next_striped_spin_lock_num
                0x00000000100004d8       0x1c CMakeFiles/pico_neo_pixel.dir/home/spencer/pico-sdk/src/rp2_common/hardware_sync/sync.c.obj
                0x00000000100004d8                next_striped_spin_lock_num
 .text.spin_lock_claim_unused
                0x00000000100004f4       0x20 CMakeFiles/pico_neo_pixel.dir/home/spencer/pico-sdk/src/rp2_common/hardware_sync/sync.c.obj
                0x00000000100004f4                spin_lock_claim_unused
 .text.alarm_pool_post_alloc_init
                0x0000000010000514       0x40 CMakeFiles/pico_neo_pixel.dir/home/spencer/pico-sdk/src/common/pico_time/time.c.obj
 .text.sleep_until_callback
                0x0000000010000554       0x30 CMakeFiles/pico_neo_pixel.dir/home/spencer/pico-sdk/src/common/pico_time/time.c.obj
 .text.timer_pool_entry_comparator
                0x0000000010000584       0x7c CMakeFiles/pico_neo_pixel.dir/home/spencer/pico-sdk/src/common/pico_time/time.c.obj
                0x0000000010000584                timer_pool_entry_comparator
 .text.ph_add_child_node
                0x0000000010000600       0xa4 CMakeFiles/pico_neo_pixel.dir/home/spencer/pico-sdk/src/common/pico_time/time.c.obj
 .text.ph_merge_nodes
                0x00000000100006a4       0x3e CMakeFiles/pico_neo_pixel.dir/home/spencer/pico-sdk/src/common/pico_time/time.c.obj
 *fill*         0x00000000100006e2        0x2 
 .text.add_alarm_under_lock
                0x00000000100006e4      0x174 CMakeFiles/pico_neo_pixel.dir/home/spencer/pico-sdk/src/common/pico_time/time.c.obj
 .text.alarm_pool_alarm_callback
                0x0000000010000858      0x328 CMakeFiles/pico_neo_pixel.dir/home/spencer/pico-sdk/src/common/pico_time/time.c.obj
 .text.alarm_pool_init_default
                0x0000000010000b80       0x38 CMakeFiles/pico_neo_pixel.dir/home/spencer/pico-sdk/src/common/pico_time/time.c.obj
                0x0000000010000b80                alarm_pool_init_default
 .text.alarm_pool_get_default
                0x0000000010000bb8       0x2c CMakeFiles/pico_neo_pixel.dir/home/spencer/pico-sdk/src/common/pico_time/time.c.obj
                0x0000000010000bb8                alarm_pool_get_default
 .text.alarm_pool_add_alarm_at
                0x0000000010000be4      0x170 CMakeFiles/pico_neo_pixel.dir/home/spencer/pico-sdk/src/common/pico_time/time.c.obj
                0x0000000010000be4                alarm_pool_add_alarm_at
 .text.alarm_pool_cancel_alarm
                0x0000000010000d54       0xf0 CMakeFiles/pico_neo_pixel.dir/home/spencer/pico-sdk/src/common/pico_time/time.c.obj
                0x0000000010000d54                alarm_pool_cancel_alarm
 .text.best_effort_wfe_or_timeout
                0x0000000010000e44       0x80 CMakeFiles/pico_neo_pixel.dir/home/spencer/pico-sdk/src/common/pico_time/time.c.obj
                0x0000000010000e44                best_effort_wfe_or_timeout
 .text.hardware_alarm_irq_handler
                0x0000000010000ec4       0x8c CMakeFiles/pico_neo_pixel.dir/home/spencer/pico-sdk/src/rp2_common/hardware_timer/timer.c.obj
 .text.hardware_alarm_claim
                0x0000000010000f50       0x18 CMakeFiles/pico_neo_pixel.dir/home/spencer/pico-sdk/src/rp2_common/hardware_timer/timer.c.obj
                0x0000000010000f50                hardware_alarm_claim
 .text.time_us_64
                0x0000000010000f68       0x18 CMakeFiles/pico_neo_pixel.dir/home/spencer/pico-sdk/src/rp2_common/hardware_timer/timer.c.obj
                0x0000000010000f68                time_us_64
 .text.hardware_alarm_set_callback
                0x0000000010000f80       0x90 CMakeFiles/pico_neo_pixel.dir/home/spencer/pico-sdk/src/rp2_common/hardware_timer/timer.c.obj
                0x0000000010000f80                hardware_alarm_set_callback
 .text.hardware_alarm_set_target
                0x0000000010001010       0xe8 CMakeFiles/pico_neo_pixel.dir/home/spencer/pico-sdk/src/rp2_common/hardware_timer/timer.c.obj
                0x0000000010001010                hardware_alarm_set_target
 .text.hardware_alarm_cancel
                0x00000000100010f8       0x40 CMakeFiles/pico_neo_pixel.dir/home/spencer/pico-sdk/src/rp2_common/hardware_timer/timer.c.obj
                0x00000000100010f8                hardware_alarm_cancel
 .text.lock_init
                0x0000000010001138       0x10 CMakeFiles/pico_neo_pixel.dir/home/spencer/pico-sdk/src/common/pico_sync/lock_core.c.obj
                0x0000000010001138                lock_init
 .text.mutex_init
                0x0000000010001148       0x1a CMakeFiles/pico_neo_pixel.dir/home/spencer/pico-sdk/src/common/pico_sync/mutex.c.obj
                0x0000000010001148                mutex_init
 .text.recursive_mutex_init
                0x0000000010001162       0x1e CMakeFiles/pico_neo_pixel.dir/home/spencer/pico-sdk/src/common/pico_sync/mutex.c.obj
                0x0000000010001162                recursive_mutex_init
 .text.critical_section_init_with_lock_num
                0x0000000010001180       0x14 CMakeFiles/pico_neo_pixel.dir/home/spencer/pico-sdk/src/common/pico_sync/critical_section.c.obj
                0x0000000010001180                critical_section_init_with_lock_num
 .text.critical_section_init
                0x0000000010001194       0x14 CMakeFiles/pico_neo_pixel.dir/home/spencer/pico-sdk/src/common/pico_sync/critical_section.c.obj
                0x0000000010001194                critical_section_init
 .text.ph_add_child_node
                0x00000000100011a8       0xa4 CMakeFiles/pico_neo_pixel.dir/home/spencer/pico-sdk/src/common/pico_util/pheap.c.obj
 .text.ph_merge_nodes
                0x000000001000124c       0x3e CMakeFiles/pico_neo_pixel.dir/home/spencer/pico-sdk/src/common/pico_util/pheap.c.obj
 *fill*         0x000000001000128a        0x2 
 .text.ph_clear
                0x000000001000128c       0x70 CMakeFiles/pico_neo_pixel.dir/home/spencer/pico-sdk/src/common/pico_util/pheap.c.obj
                0x000000001000128c                ph_clear
 .text.ph_post_alloc_init
                0x00000000100012fc        0xe CMakeFiles/pico_neo_pixel.dir/home/spencer/pico-sdk/src/common/pico_util/pheap.c.obj
                0x00000000100012fc                ph_post_alloc_init
 *fill*         0x000000001000130a        0x2 
 .text.ph_merge_two_pass
                0x000000001000130c       0xa8 CMakeFiles/pico_neo_pixel.dir/home/spencer/pico-sdk/src/common/pico_util/pheap.c.obj
                0x000000001000130c                ph_merge_two_pass
 .text.ph_remove_any_head
                0x00000000100013b4      0x108 CMakeFiles/pico_neo_pixel.dir/home/spencer/pico-sdk/src/common/pico_util/pheap.c.obj
 .text.ph_remove_head
                0x00000000100014bc       0x14 CMakeFiles/pico_neo_pixel.dir/home/spencer/pico-sdk/src/common/pico_util/pheap.c.obj
                0x00000000100014bc                ph_remove_head
 .text.ph_remove_and_free_node
                0x00000000100014d0       0xf8 CMakeFiles/pico_neo_pixel.dir/home/spencer/pico-sdk/src/common/pico_util/pheap.c.obj
                0x00000000100014d0                ph_remove_and_free_node
 .text._exit    0x00000000100015c8        0x4 CMakeFiles/pico_neo_pixel.dir/home/spencer/pico-sdk/src/rp2_common/pico_runtime/runtime.c.obj
                0x00000000100015c8                _exit
 .text.exit     0x00000000100015cc        0x6 CMakeFiles/pico_neo_pixel.dir/home/spencer/pico-sdk/src/rp2_common/pico_runtime/runtime.c.obj
                0x00000000100015cc                exit
 *fill*         0x00000000100015d2        0x2 
 .text.__assert_func
                0x00000000100015d4       0x3c CMakeFiles/pico_neo_pixel.dir/home/spencer/pico-sdk/src/rp2_common/pico_runtime/runtime.c.obj
                0x00000000100015d4                __assert_func
 .text.runtime_init
                0x0000000010001610       0xf8 CMakeFiles/pico_neo_pixel.dir/home/spencer/pico-sdk/src/rp2_common/pico_runtime/runtime.c.obj
                0x0000000010001610                runtime_init
 .text.panic    0x0000000010001708       0x30 CMakeFiles/pico_neo_pixel.dir/home/spencer/pico-sdk/src/rp2_common/pico_runtime/runtime.c.obj
                0x0000000010001708                panic
 .text.clock_configure
                0x0000000010001738      0x104 CMakeFiles/pico_neo_pixel.dir/home/spencer/pico-sdk/src/rp2_common/hardware_clocks/clocks.c.obj
                0x0000000010001738                clock_configure
 .text.clocks_init
                0x000000001000183c      0x100 CMakeFiles/pico_neo_pixel.dir/home/spencer/pico-sdk/src/rp2_common/hardware_clocks/clocks.c.obj
                0x000000001000183c                clocks_init
 .text.set_raw_irq_handler_and_unlock
                0x000000001000193c       0x28 CMakeFiles/pico_neo_pixel.dir/home/spencer/pico-sdk/src/rp2_common/hardware_irq/irq.c.obj
 .text.make_branch
                0x0000000010001964       0x34 CMakeFiles/pico_neo_pixel.dir/home/spencer/pico-sdk/src/rp2_common/hardware_irq/irq.c.obj
 .text.insert_branch_and_link
                0x0000000010001998       0x40 CMakeFiles/pico_neo_pixel.dir/home/spencer/pico-sdk/src/rp2_common/hardware_irq/irq.c.obj
 .text.irq_is_enabled
                0x00000000100019d8       0x18 CMakeFiles/pico_neo_pixel.dir/home/spencer/pico-sdk/src/rp2_common/hardware_irq/irq.c.obj
                0x00000000100019d8                irq_is_enabled
 .text.irq_set_mask_enabled
                0x00000000100019f0       0x20 CMakeFiles/pico_neo_pixel.dir/home/spencer/pico-sdk/src/rp2_common/hardware_irq/irq.c.obj
                0x00000000100019f0                irq_set_mask_enabled
 .text.irq_set_enabled
                0x0000000010001a10        0xe CMakeFiles/pico_neo_pixel.dir/home/spencer/pico-sdk/src/rp2_common/hardware_irq/irq.c.obj
                0x0000000010001a10                irq_set_enabled
 *fill*         0x0000000010001a1e        0x2 
 .text.irq_set_pending
                0x0000000010001a20       0x10 CMakeFiles/pico_neo_pixel.dir/home/spencer/pico-sdk/src/rp2_common/hardware_irq/irq.c.obj
                0x0000000010001a20                irq_set_pending
 .text.irq_get_vtable_handler
                0x0000000010001a30       0x10 CMakeFiles/pico_neo_pixel.dir/home/spencer/pico-sdk/src/rp2_common/hardware_irq/irq.c.obj
                0x0000000010001a30                irq_get_vtable_handler
 .text.irq_set_exclusive_handler
                0x0000000010001a40       0x54 CMakeFiles/pico_neo_pixel.dir/home/spencer/pico-sdk/src/rp2_common/hardware_irq/irq.c.obj
                0x0000000010001a40                irq_set_exclusive_handler
 .text.irq_remove_handler
                0x0000000010001a94      0x1ac CMakeFiles/pico_neo_pixel.dir/home/spencer/pico-sdk/src/rp2_common/hardware_irq/irq.c.obj
                0x0000000010001a94                irq_remove_handler
 .text.irq_add_tail_to_free_list
                0x0000000010001c40       0xf0 CMakeFiles/pico_neo_pixel.dir/home/spencer/pico-sdk/src/rp2_common/hardware_irq/irq.c.obj
                0x0000000010001c40                irq_add_tail_to_free_list
 .text.irq_init_priorities
                0x0000000010001d30       0x1c CMakeFiles/pico_neo_pixel.dir/home/spencer/pico-sdk/src/rp2_common/hardware_irq/irq.c.obj
                0x0000000010001d30                irq_init_priorities
 .text.pll_init
                0x0000000010001d4c      0x118 CMakeFiles/pico_neo_pixel.dir/home/spencer/pico-sdk/src/rp2_common/hardware_pll/pll.c.obj
                0x0000000010001d4c                pll_init
 .text.watchdog_start_tick
                0x0000000010001e64       0x10 CMakeFiles/pico_neo_pixel.dir/home/spencer/pico-sdk/src/rp2_common/hardware_watchdog/watchdog.c.obj
                0x0000000010001e64                watchdog_start_tick
 .text.watchdog_update
                0x0000000010001e74       0x14 CMakeFiles/pico_neo_pixel.dir/home/spencer/pico-sdk/src/rp2_common/hardware_watchdog/watchdog.c.obj
                0x0000000010001e74                watchdog_update
 .text._watchdog_enable
                0x0000000010001e88       0x78 CMakeFiles/pico_neo_pixel.dir/home/spencer/pico-sdk/src/rp2_common/hardware_watchdog/watchdog.c.obj
                0x0000000010001e88                _watchdog_enable
 .text.watchdog_reboot
                0x0000000010001f00       0x48 CMakeFiles/pico_neo_pixel.dir/home/spencer/pico-sdk/src/rp2_common/hardware_watchdog/watchdog.c.obj
                0x0000000010001f00                watchdog_reboot
 .text.xosc_init
                0x0000000010001f48       0x28 CMakeFiles/pico_neo_pixel.dir/home/spencer/pico-sdk/src/rp2_common/hardware_xosc/xosc.c.obj
                0x0000000010001f48                xosc_init
 .text._out_null
                0x0000000010001f70        0x2 CMakeFiles/pico_neo_pixel.dir/home/spencer/pico-sdk/src/rp2_common/pico_printf/printf.c.obj
 .text._out_fct
                0x0000000010001f72        0xe CMakeFiles/pico_neo_pixel.dir/home/spencer/pico-sdk/src/rp2_common/pico_printf/printf.c.obj
 .text._atoi    0x0000000010001f80       0x24 CMakeFiles/pico_neo_pixel.dir/home/spencer/pico-sdk/src/rp2_common/pico_printf/printf.c.obj
 .text._out_rev
                0x0000000010001fa4       0xae CMakeFiles/pico_neo_pixel.dir/home/spencer/pico-sdk/src/rp2_common/pico_printf/printf.c.obj
 .text._ntoa_format
                0x0000000010002052      0x112 CMakeFiles/pico_neo_pixel.dir/home/spencer/pico-sdk/src/rp2_common/pico_printf/printf.c.obj
 .text._ntoa_long
                0x0000000010002164       0xbc CMakeFiles/pico_neo_pixel.dir/home/spencer/pico-sdk/src/rp2_common/pico_printf/printf.c.obj
 .text._ntoa_long_long
                0x0000000010002220       0xe2 CMakeFiles/pico_neo_pixel.dir/home/spencer/pico-sdk/src/rp2_common/pico_printf/printf.c.obj
 *fill*         0x0000000010002302        0x2 
 .text._etoa    0x0000000010002304      0x414 CMakeFiles/pico_neo_pixel.dir/home/spencer/pico-sdk/src/rp2_common/pico_printf/printf.c.obj
 .text._ftoa    0x0000000010002718      0x354 CMakeFiles/pico_neo_pixel.dir/home/spencer/pico-sdk/src/rp2_common/pico_printf/printf.c.obj
 .text._vsnprintf
                0x0000000010002a6c      0x624 CMakeFiles/pico_neo_pixel.dir/home/spencer/pico-sdk/src/rp2_common/pico_printf/printf.c.obj
 .text.vfctprintf
                0x0000000010003090       0x20 CMakeFiles/pico_neo_pixel.dir/home/spencer/pico-sdk/src/rp2_common/pico_printf/printf.c.obj
                0x0000000010003090                vfctprintf
 .text          0x00000000100030b0       0x10 CMakeFiles/pico_neo_pixel.dir/home/spencer/pico-sdk/src/rp2_common/pico_bit_ops/bit_ops_aeabi.S.obj
 .text.rom_func_lookup
                0x00000000100030c0       0x10 CMakeFiles/pico_neo_pixel.dir/home/spencer/pico-sdk/src/rp2_common/pico_bootrom/bootrom.c.obj
                0x00000000100030c0                rom_func_lookup
 .text.rom_data_lookup
                0x00000000100030d0       0x10 CMakeFiles/pico_neo_pixel.dir/home/spencer/pico-sdk/src/rp2_common/pico_bootrom/bootrom.c.obj
                0x00000000100030d0                rom_data_lookup
 .text.rom_funcs_lookup
                0x00000000100030e0       0x36 CMakeFiles/pico_neo_pixel.dir/home/spencer/pico-sdk/src/rp2_common/pico_bootrom/bootrom.c.obj
                0x00000000100030e0                rom_funcs_lookup
 *fill*         0x0000000010003116        0x2 
 .text.__wrap___aeabi_idiv
                0x0000000010003118       0x50 CMakeFiles/pico_neo_pixel.dir/home/spencer/pico-sdk/src/rp2_common/pico_divider/divider.S.obj
                0x0000000010003118                __wrap___aeabi_idivmod
                0x0000000010003118                divmod_s32s32
                0x0000000010003118                div_s32s32
                0x0000000010003118                __wrap___aeabi_idiv
                0x0000000010003120                divmod_s32s32_unsafe
                0x000000001000314c                divmod_s32s32_savestate
 .text.__wrap___aeabi_uidiv
                0x0000000010003168       0x4c CMakeFiles/pico_neo_pixel.dir/home/spencer/pico-sdk/src/rp2_common/pico_divider/divider.S.obj
                0x0000000010003168                __wrap___aeabi_uidiv
                0x0000000010003168                __wrap___aeabi_uidivmod
                0x0000000010003168                div_u32u32
                0x0000000010003168                divmod_u32u32
                0x0000000010003170                divmod_u32u32_unsafe
                0x0000000010003198                divmod_u32u32_savestate
 .text.__wrap___aeabi_ldiv
                0x00000000100031b4      0x434 CMakeFiles/pico_neo_pixel.dir/home/spencer/pico-sdk/src/rp2_common/pico_divider/divider.S.obj
                0x00000000100031b4                div_s64s64
                0x00000000100031b4                divmod_s64s64
                0x00000000100031b4                __wrap___aeabi_ldivmod
                0x00000000100031ec                div_u64u64
                0x00000000100031ec                divmod_u64u64
                0x00000000100031ec                __wrap___aeabi_uldivmod
                0x00000000100031fc                divmod_u64u64_savestate
                0x0000000010003224                divmod_s64s64_unsafe
                0x00000000100032ac                divmod_u64u64_unsafe
 .text.__wrap___aeabi_darithmetic
                0x00000000100035e8       0x80 CMakeFiles/pico_neo_pixel.dir/home/spencer/pico-sdk/src/rp2_common/pico_double/double_aeabi.S.obj
                0x00000000100035e8                __wrap___aeabi_drsub
                0x00000000100035ee                __wrap___aeabi_dsub
                0x0000000010003600                __wrap___aeabi_dadd
                0x0000000010003612                __wrap___aeabi_ddiv
                0x000000001000364e                __wrap___aeabi_dmul
 .text.__wrap___aeabi_cdcmple
                0x0000000010003668       0x6c CMakeFiles/pico_neo_pixel.dir/home/spencer/pico-sdk/src/rp2_common/pico_double/double_aeabi.S.obj
                0x0000000010003668                __wrap___aeabi_cdrcmple
                0x0000000010003678                __wrap___aeabi_cdcmple
                0x0000000010003678                __wrap___aeabi_cdcmpeq
 .text.__wrap___aeabi_dcmplt
                0x00000000100036d4        0xc CMakeFiles/pico_neo_pixel.dir/home/spencer/pico-sdk/src/rp2_common/pico_double/double_aeabi.S.obj
                0x00000000100036d4                __wrap___aeabi_dcmplt
 .text.__wrap___aeabi_dcmple
                0x00000000100036e0       0x10 CMakeFiles/pico_neo_pixel.dir/home/spencer/pico-sdk/src/rp2_common/pico_double/double_aeabi.S.obj
                0x00000000100036e0                __wrap___aeabi_dcmple
 .text.__wrap___aeabi_dcmpge
                0x00000000100036f0       0x10 CMakeFiles/pico_neo_pixel.dir/home/spencer/pico-sdk/src/rp2_common/pico_double/double_aeabi.S.obj
                0x00000000100036f0                __wrap___aeabi_dcmpge
 .text.__wrap___aeabi_dcmpgt
                0x0000000010003700        0xa CMakeFiles/pico_neo_pixel.dir/home/spencer/pico-sdk/src/rp2_common/pico_double/double_aeabi.S.obj
                0x0000000010003700                __wrap___aeabi_dcmpgt
 .text.__wrap___aeabi_dcmpun
                0x000000001000370a       0x1c CMakeFiles/pico_neo_pixel.dir/home/spencer/pico-sdk/src/rp2_common/pico_double/double_aeabi.S.obj
                0x000000001000370a                __wrap___aeabi_dcmpun
 *fill*         0x0000000010003726        0x2 
 .text.__wrap___aeabi_i2d
                0x0000000010003728       0x38 CMakeFiles/pico_neo_pixel.dir/home/spencer/pico-sdk/src/rp2_common/pico_double/double_aeabi.S.obj
                0x0000000010003728                __wrap___aeabi_ui2d
                0x0000000010003730                __wrap___aeabi_i2d
 .text.__wrap___aeabi_d2iz
                0x0000000010003760       0x48 CMakeFiles/pico_neo_pixel.dir/home/spencer/pico-sdk/src/rp2_common/pico_double/double_aeabi.S.obj
                0x0000000010003760                __wrap___aeabi_d2iz
                0x0000000010003760                double2int_z
 .text.__wrap___aeabi_d2uiz
                0x00000000100037a8       0x18 CMakeFiles/pico_neo_pixel.dir/home/spencer/pico-sdk/src/rp2_common/pico_double/double_aeabi.S.obj
                0x00000000100037a8                double2uint
                0x00000000100037a8                __wrap___aeabi_d2uiz
 .text.__aeabi_double_init
                0x00000000100037c0       0xc8 CMakeFiles/pico_neo_pixel.dir/home/spencer/pico-sdk/src/rp2_common/pico_double/double_init_rom.c.obj
                0x00000000100037c0                __aeabi_double_init
 .text.double_table_shim_on_use_helper
                0x0000000010003888       0x34 CMakeFiles/pico_neo_pixel.dir/home/spencer/pico-sdk/src/rp2_common/pico_double/double_v1_rom_shim.S.obj
                0x0000000010003888                double_table_shim_on_use_helper
 .text.__wrap___aeabi_dsub
                0x00000000100038bc       0x10 CMakeFiles/pico_neo_pixel.dir/home/spencer/pico-sdk/src/rp2_common/pico_double/double_v1_rom_shim.S.obj
                0x00000000100038bc                drsub_shim
                0x00000000100038c2                dsub_shim
 .text.dadd_shim
                0x00000000100038cc      0x15c CMakeFiles/pico_neo_pixel.dir/home/spencer/pico-sdk/src/rp2_common/pico_double/double_v1_rom_shim.S.obj
                0x00000000100038cc                dadd_shim
 .text.dmul_shim
                0x0000000010003a28      0x15c CMakeFiles/pico_neo_pixel.dir/home/spencer/pico-sdk/src/rp2_common/pico_double/double_v1_rom_shim.S.obj
                0x0000000010003a28                dmul_shim
 .text.ddiv_shim
                0x0000000010003b84      0x1b0 CMakeFiles/pico_neo_pixel.dir/home/spencer/pico-sdk/src/rp2_common/pico_double/double_v1_rom_shim.S.obj
                0x0000000010003b84                ddiv_shim
 .text.double2uint_shim
                0x0000000010003d34        0xe CMakeFiles/pico_neo_pixel.dir/home/spencer/pico-sdk/src/rp2_common/pico_double/double_v1_rom_shim.S.obj
                0x0000000010003d34                double2uint_shim
                0x0000000010003d36                double2ufix_shim
 *fill*         0x0000000010003d42        0x2 
 .text.double2uint64_shim
                0x0000000010003d44       0x70 CMakeFiles/pico_neo_pixel.dir/home/spencer/pico-sdk/src/rp2_common/pico_double/double_v1_rom_shim.S.obj
                0x0000000010003d44                double2uint64_shim
                0x0000000010003d46                double2ufix64_shim
                0x0000000010003d66                d2fix_a
 .text.dunpacks
                0x0000000010003db4       0x3c CMakeFiles/pico_neo_pixel.dir/home/spencer/pico-sdk/src/rp2_common/pico_double/double_v1_rom_shim.S.obj
                0x0000000010003db4                dunpacks
 .text.__aeabi_lmul
                0x0000000010003df0       0x32 CMakeFiles/pico_neo_pixel.dir/home/spencer/pico-sdk/src/rp2_common/pico_int64_ops/pico_int64_ops_aeabi.S.obj
                0x0000000010003df0                __wrap___aeabi_lmul
 *fill*         0x0000000010003e22        0x2 
 .text.__aeabi_float_init
                0x0000000010003e24       0xfc CMakeFiles/pico_neo_pixel.dir/home/spencer/pico-sdk/src/rp2_common/pico_float/float_init_rom.c.obj
                0x0000000010003e24                __aeabi_float_init
 .text.float_table_shim_on_use_helper
                0x0000000010003f20       0x34 CMakeFiles/pico_neo_pixel.dir/home/spencer/pico-sdk/src/rp2_common/pico_float/float_v1_rom_shim.S.obj
                0x0000000010003f20                float_table_shim_on_use_helper
 .text          0x0000000010003f54       0x10 CMakeFiles/pico_neo_pixel.dir/home/spencer/pico-sdk/src/rp2_common/pico_mem_ops/mem_ops_aeabi.S.obj
                0x0000000010003f54                __aeabi_mem_init
 .text.memset   0x0000000010003f64        0xc CMakeFiles/pico_neo_pixel.dir/home/spencer/pico-sdk/src/rp2_common/pico_mem_ops/mem_ops_aeabi.S.obj
                0x0000000010003f64                __wrap_memset
 .text.memcpy   0x0000000010003f70        0xc CMakeFiles/pico_neo_pixel.dir/home/spencer/pico-sdk/src/rp2_common/pico_mem_ops/mem_ops_aeabi.S.obj
                0x0000000010003f70                __wrap___aeabi_memcpy
                0x0000000010003f70                __wrap_memcpy
 .text.stdio_out_chars_no_crlf
                0x0000000010003f7c        0xe CMakeFiles/pico_neo_pixel.dir/home/spencer/pico-sdk/src/rp2_common/pico_stdio/stdio.c.obj
 *fill*         0x0000000010003f8a        0x2 
 .text.stdio_out_chars_crlf
                0x0000000010003f8c       0x80 CMakeFiles/pico_neo_pixel.dir/home/spencer/pico-sdk/src/rp2_common/pico_stdio/stdio.c.obj
 .text.stdio_stack_buffer_flush
                0x000000001000400c       0x44 CMakeFiles/pico_neo_pixel.dir/home/spencer/pico-sdk/src/rp2_common/pico_stdio/stdio.c.obj
 .text.stdio_buffered_printer
                0x0000000010004050       0x20 CMakeFiles/pico_neo_pixel.dir/home/spencer/pico-sdk/src/rp2_common/pico_stdio/stdio.c.obj
 .text.stdout_serialize_begin
                0x0000000010004070       0x30 CMakeFiles/pico_neo_pixel.dir/home/spencer/pico-sdk/src/rp2_common/pico_stdio/stdio.c.obj
                0x0000000010004070                stdout_serialize_begin
 .text.stdout_serialize_end
                0x00000000100040a0       0x10 CMakeFiles/pico_neo_pixel.dir/home/spencer/pico-sdk/src/rp2_common/pico_stdio/stdio.c.obj
                0x00000000100040a0                stdout_serialize_end
 .text.stdio_put_string
                0x00000000100040b0       0x98 CMakeFiles/pico_neo_pixel.dir/home/spencer/pico-sdk/src/rp2_common/pico_stdio/stdio.c.obj
 .text.stdio_set_driver_enabled
                0x0000000010004148       0x38 CMakeFiles/pico_neo_pixel.dir/home/spencer/pico-sdk/src/rp2_common/pico_stdio/stdio.c.obj
                0x0000000010004148                stdio_set_driver_enabled
 .text.stdio_flush
                0x0000000010004180       0x20 CMakeFiles/pico_neo_pixel.dir/home/spencer/pico-sdk/src/rp2_common/pico_stdio/stdio.c.obj
                0x0000000010004180                stdio_flush
 .text.__wrap_puts
                0x00000000100041a0       0x1e CMakeFiles/pico_neo_pixel.dir/home/spencer/pico-sdk/src/rp2_common/pico_stdio/stdio.c.obj
                0x00000000100041a0                __wrap_puts
 *fill*         0x00000000100041be        0x2 
 .text.__wrap_vprintf
                0x00000000100041c0       0x44 CMakeFiles/pico_neo_pixel.dir/home/spencer/pico-sdk/src/rp2_common/pico_stdio/stdio.c.obj
                0x00000000100041c0                __wrap_vprintf
 .text.__wrap_printf
                0x0000000010004204       0x18 CMakeFiles/pico_neo_pixel.dir/home/spencer/pico-sdk/src/rp2_common/pico_stdio/stdio.c.obj
                0x0000000010004204                __wrap_printf
 .text.stdio_init_all
                0x000000001000421c        0x8 CMakeFiles/pico_neo_pixel.dir/home/spencer/pico-sdk/src/rp2_common/pico_stdio/stdio.c.obj
                0x000000001000421c                stdio_init_all
 .text.resetd_init
                0x0000000010004224        0x2 CMakeFiles/pico_neo_pixel.dir/home/spencer/pico-sdk/src/rp2_common/pico_stdio_usb/reset_interface.c.obj
 *fill*         0x0000000010004226        0x2 
 .text.resetd_reset
                0x0000000010004228        0xc CMakeFiles/pico_neo_pixel.dir/home/spencer/pico-sdk/src/rp2_common/pico_stdio_usb/reset_interface.c.obj
 .text.resetd_open
                0x0000000010004234       0x34 CMakeFiles/pico_neo_pixel.dir/home/spencer/pico-sdk/src/rp2_common/pico_stdio_usb/reset_interface.c.obj
 .text.resetd_xfer_cb
                0x0000000010004268        0x4 CMakeFiles/pico_neo_pixel.dir/home/spencer/pico-sdk/src/rp2_common/pico_stdio_usb/reset_interface.c.obj
 .text.reset_usb_boot
                0x000000001000426c       0x18 CMakeFiles/pico_neo_pixel.dir/home/spencer/pico-sdk/src/rp2_common/pico_stdio_usb/reset_interface.c.obj
 .text.resetd_control_xfer_cb
                0x0000000010004284       0x5c CMakeFiles/pico_neo_pixel.dir/home/spencer/pico-sdk/src/rp2_common/pico_stdio_usb/reset_interface.c.obj
 .text.usbd_app_driver_get_cb
                0x00000000100042e0        0xc CMakeFiles/pico_neo_pixel.dir/home/spencer/pico-sdk/src/rp2_common/pico_stdio_usb/reset_interface.c.obj
                0x00000000100042e0                usbd_app_driver_get_cb
 .text.tud_cdc_line_coding_cb
                0x00000000100042ec       0x28 CMakeFiles/pico_neo_pixel.dir/home/spencer/pico-sdk/src/rp2_common/pico_stdio_usb/reset_interface.c.obj
                0x00000000100042ec                tud_cdc_line_coding_cb
 .text.stdio_usb_in_chars
                0x0000000010004314       0x70 CMakeFiles/pico_neo_pixel.dir/home/spencer/pico-sdk/src/rp2_common/pico_stdio_usb/stdio_usb.c.obj
                0x0000000010004314                stdio_usb_in_chars
 .text.low_priority_worker_irq
                0x0000000010004384       0x20 CMakeFiles/pico_neo_pixel.dir/home/spencer/pico-sdk/src/rp2_common/pico_stdio_usb/stdio_usb.c.obj
 .text.stdio_usb_out_chars
                0x00000000100043a4       0xd4 CMakeFiles/pico_neo_pixel.dir/home/spencer/pico-sdk/src/rp2_common/pico_stdio_usb/stdio_usb.c.obj
 .text.timer_task
                0x0000000010004478       0x10 CMakeFiles/pico_neo_pixel.dir/home/spencer/pico-sdk/src/rp2_common/pico_stdio_usb/stdio_usb.c.obj
 .text.stdio_usb_init
                0x0000000010004488       0xb8 CMakeFiles/pico_neo_pixel.dir/home/spencer/pico-sdk/src/rp2_common/pico_stdio_usb/stdio_usb.c.obj
                0x0000000010004488                stdio_usb_init
 .text.tud_descriptor_device_cb
                0x0000000010004540        0x8 CMakeFiles/pico_neo_pixel.dir/home/spencer/pico-sdk/src/rp2_common/pico_stdio_usb/stdio_usb_descriptors.c.obj
                0x0000000010004540                tud_descriptor_device_cb
 .text.tud_descriptor_configuration_cb
                0x0000000010004548        0x8 CMakeFiles/pico_neo_pixel.dir/home/spencer/pico-sdk/src/rp2_common/pico_stdio_usb/stdio_usb_descriptors.c.obj
                0x0000000010004548                tud_descriptor_configuration_cb
 .text.tud_descriptor_string_cb
                0x0000000010004550       0x6c CMakeFiles/pico_neo_pixel.dir/home/spencer/pico-sdk/src/rp2_common/pico_stdio_usb/stdio_usb_descriptors.c.obj
                0x0000000010004550                tud_descriptor_string_cb
 .text.hw_endpoint_get_by_addr
                0x00000000100045bc       0x18 CMakeFiles/pico_neo_pixel.dir/home/spencer/pico-sdk/lib/tinyusb/src/portable/raspberrypi/rp2040/dcd_rp2040.c.obj
 .text.reset_ep0_pid
                0x00000000100045d4       0x28 CMakeFiles/pico_neo_pixel.dir/home/spencer/pico-sdk/lib/tinyusb/src/portable/raspberrypi/rp2040/dcd_rp2040.c.obj
 .text._hw_endpoint_alloc
                0x00000000100045fc       0x70 CMakeFiles/pico_neo_pixel.dir/home/spencer/pico-sdk/lib/tinyusb/src/portable/raspberrypi/rp2040/dcd_rp2040.c.obj
 .text.hw_endpoint_init
                0x000000001000466c       0x88 CMakeFiles/pico_neo_pixel.dir/home/spencer/pico-sdk/lib/tinyusb/src/portable/raspberrypi/rp2040/dcd_rp2040.c.obj
 .text.reset_non_control_endpoints
                0x00000000100046f4       0x40 CMakeFiles/pico_neo_pixel.dir/home/spencer/pico-sdk/lib/tinyusb/src/portable/raspberrypi/rp2040/dcd_rp2040.c.obj
 .text.hw_handle_buff_status
                0x0000000010004734       0x8c CMakeFiles/pico_neo_pixel.dir/home/spencer/pico-sdk/lib/tinyusb/src/portable/raspberrypi/rp2040/dcd_rp2040.c.obj
 .text.dcd_rp2040_irq
                0x00000000100047c0       0xc0 CMakeFiles/pico_neo_pixel.dir/home/spencer/pico-sdk/lib/tinyusb/src/portable/raspberrypi/rp2040/dcd_rp2040.c.obj
 .text.hw_endpoint_xfer
                0x0000000010004880       0x14 CMakeFiles/pico_neo_pixel.dir/home/spencer/pico-sdk/lib/tinyusb/src/portable/raspberrypi/rp2040/dcd_rp2040.c.obj
 .text.dcd_int_enable
                0x0000000010004894       0x2c CMakeFiles/pico_neo_pixel.dir/home/spencer/pico-sdk/lib/tinyusb/src/portable/raspberrypi/rp2040/dcd_rp2040.c.obj
                0x0000000010004894                dcd_int_enable
 .text.dcd_set_address
                0x00000000100048c0       0x2c CMakeFiles/pico_neo_pixel.dir/home/spencer/pico-sdk/lib/tinyusb/src/portable/raspberrypi/rp2040/dcd_rp2040.c.obj
                0x00000000100048c0                dcd_set_address
 .text.dcd_connect
                0x00000000100048ec       0x10 CMakeFiles/pico_neo_pixel.dir/home/spencer/pico-sdk/lib/tinyusb/src/portable/raspberrypi/rp2040/dcd_rp2040.c.obj
                0x00000000100048ec                dcd_connect
 .text.dcd_init
                0x00000000100048fc       0x7c CMakeFiles/pico_neo_pixel.dir/home/spencer/pico-sdk/lib/tinyusb/src/portable/raspberrypi/rp2040/dcd_rp2040.c.obj
                0x00000000100048fc                dcd_init
 .text.dcd_edpt0_status_complete
                0x0000000010004978       0x1c CMakeFiles/pico_neo_pixel.dir/home/spencer/pico-sdk/lib/tinyusb/src/portable/raspberrypi/rp2040/dcd_rp2040.c.obj
                0x0000000010004978                dcd_edpt0_status_complete
 .text.dcd_edpt_open
                0x0000000010004994       0x40 CMakeFiles/pico_neo_pixel.dir/home/spencer/pico-sdk/lib/tinyusb/src/portable/raspberrypi/rp2040/dcd_rp2040.c.obj
                0x0000000010004994                dcd_edpt_open
 .text.dcd_edpt_close_all
                0x00000000100049d4        0x8 CMakeFiles/pico_neo_pixel.dir/home/spencer/pico-sdk/lib/tinyusb/src/portable/raspberrypi/rp2040/dcd_rp2040.c.obj
                0x00000000100049d4                dcd_edpt_close_all
 .text.dcd_edpt_xfer
                0x00000000100049dc       0x30 CMakeFiles/pico_neo_pixel.dir/home/spencer/pico-sdk/lib/tinyusb/src/portable/raspberrypi/rp2040/dcd_rp2040.c.obj
                0x00000000100049dc                dcd_edpt_xfer
 .text.dcd_edpt_stall
                0x0000000010004a0c       0x2c CMakeFiles/pico_neo_pixel.dir/home/spencer/pico-sdk/lib/tinyusb/src/portable/raspberrypi/rp2040/dcd_rp2040.c.obj
                0x0000000010004a0c                dcd_edpt_stall
 .text.dcd_edpt_clear_stall
                0x0000000010004a38       0x20 CMakeFiles/pico_neo_pixel.dir/home/spencer/pico-sdk/lib/tinyusb/src/portable/raspberrypi/rp2040/dcd_rp2040.c.obj
                0x0000000010004a38                dcd_edpt_clear_stall
 .text.prepare_ep_buffer
                0x0000000010004a58       0x70 CMakeFiles/pico_neo_pixel.dir/home/spencer/pico-sdk/lib/tinyusb/src/portable/raspberrypi/rp2040/rp2040_usb.c.obj
 .text.sync_ep_buffer
                0x0000000010004ac8       0x7c CMakeFiles/pico_neo_pixel.dir/home/spencer/pico-sdk/lib/tinyusb/src/portable/raspberrypi/rp2040/rp2040_usb.c.obj
 .text._hw_endpoint_xfer_sync
                0x0000000010004b44       0x28 CMakeFiles/pico_neo_pixel.dir/home/spencer/pico-sdk/lib/tinyusb/src/portable/raspberrypi/rp2040/rp2040_usb.c.obj
 .text.rp2040_usb_init
                0x0000000010004b6c       0x4c CMakeFiles/pico_neo_pixel.dir/home/spencer/pico-sdk/lib/tinyusb/src/portable/raspberrypi/rp2040/rp2040_usb.c.obj
                0x0000000010004b6c                rp2040_usb_init
 .text.hw_endpoint_reset_transfer
                0x0000000010004bb8        0xc CMakeFiles/pico_neo_pixel.dir/home/spencer/pico-sdk/lib/tinyusb/src/portable/raspberrypi/rp2040/rp2040_usb.c.obj
                0x0000000010004bb8                hw_endpoint_reset_transfer
 .text._hw_endpoint_buffer_control_update32
                0x0000000010004bc4       0x58 CMakeFiles/pico_neo_pixel.dir/home/spencer/pico-sdk/lib/tinyusb/src/portable/raspberrypi/rp2040/rp2040_usb.c.obj
                0x0000000010004bc4                _hw_endpoint_buffer_control_update32
 .text._hw_endpoint_start_next_buffer
                0x0000000010004c1c       0x74 CMakeFiles/pico_neo_pixel.dir/home/spencer/pico-sdk/lib/tinyusb/src/portable/raspberrypi/rp2040/rp2040_usb.c.obj
 .text.hw_endpoint_xfer_start
                0x0000000010004c90       0x48 CMakeFiles/pico_neo_pixel.dir/home/spencer/pico-sdk/lib/tinyusb/src/portable/raspberrypi/rp2040/rp2040_usb.c.obj
                0x0000000010004c90                hw_endpoint_xfer_start
 .text.hw_endpoint_xfer_continue
                0x0000000010004cd8       0x38 CMakeFiles/pico_neo_pixel.dir/home/spencer/pico-sdk/lib/tinyusb/src/portable/raspberrypi/rp2040/rp2040_usb.c.obj
                0x0000000010004cd8                hw_endpoint_xfer_continue
 .text.configuration_reset
                0x0000000010004d10       0x84 CMakeFiles/pico_neo_pixel.dir/home/spencer/pico-sdk/lib/tinyusb/src/device/usbd.c.obj
 .text.usbd_reset
                0x0000000010004d94        0xc CMakeFiles/pico_neo_pixel.dir/home/spencer/pico-sdk/lib/tinyusb/src/device/usbd.c.obj
 .text.invoke_class_control
                0x0000000010004da0       0x1a CMakeFiles/pico_neo_pixel.dir/home/spencer/pico-sdk/lib/tinyusb/src/device/usbd.c.obj
 *fill*         0x0000000010004dba        0x2 
 .text.process_set_config
                0x0000000010004dbc      0x1b0 CMakeFiles/pico_neo_pixel.dir/home/spencer/pico-sdk/lib/tinyusb/src/device/usbd.c.obj
 .text.process_get_descriptor
                0x0000000010004f6c       0xec CMakeFiles/pico_neo_pixel.dir/home/spencer/pico-sdk/lib/tinyusb/src/device/usbd.c.obj
 .text.tud_mounted
                0x0000000010005058       0x10 CMakeFiles/pico_neo_pixel.dir/home/spencer/pico-sdk/lib/tinyusb/src/device/usbd.c.obj
                0x0000000010005058                tud_mounted
 .text.tud_suspended
                0x0000000010005068       0x10 CMakeFiles/pico_neo_pixel.dir/home/spencer/pico-sdk/lib/tinyusb/src/device/usbd.c.obj
                0x0000000010005068                tud_suspended
 .text.tud_inited
                0x0000000010005078        0xc CMakeFiles/pico_neo_pixel.dir/home/spencer/pico-sdk/lib/tinyusb/src/device/usbd.c.obj
                0x0000000010005078                tud_inited
 .text.tud_init
                0x0000000010005084       0xcc CMakeFiles/pico_neo_pixel.dir/home/spencer/pico-sdk/lib/tinyusb/src/device/usbd.c.obj
                0x0000000010005084                tud_init
 .text.dcd_event_handler
                0x0000000010005150      0x1e0 CMakeFiles/pico_neo_pixel.dir/home/spencer/pico-sdk/lib/tinyusb/src/device/usbd.c.obj
                0x0000000010005150                dcd_event_handler
 .text.dcd_event_bus_signal
                0x0000000010005330       0x26 CMakeFiles/pico_neo_pixel.dir/home/spencer/pico-sdk/lib/tinyusb/src/device/usbd.c.obj
                0x0000000010005330                dcd_event_bus_signal
 .text.dcd_event_bus_reset
                0x0000000010005356       0x2a CMakeFiles/pico_neo_pixel.dir/home/spencer/pico-sdk/lib/tinyusb/src/device/usbd.c.obj
                0x0000000010005356                dcd_event_bus_reset
 .text.dcd_event_setup_received
                0x0000000010005380       0x34 CMakeFiles/pico_neo_pixel.dir/home/spencer/pico-sdk/lib/tinyusb/src/device/usbd.c.obj
                0x0000000010005380                dcd_event_setup_received
 .text.dcd_event_xfer_complete
                0x00000000100053b4       0x44 CMakeFiles/pico_neo_pixel.dir/home/spencer/pico-sdk/lib/tinyusb/src/device/usbd.c.obj
                0x00000000100053b4                dcd_event_xfer_complete
 .text.usbd_edpt_open
                0x00000000100053f8       0x58 CMakeFiles/pico_neo_pixel.dir/home/spencer/pico-sdk/lib/tinyusb/src/device/usbd.c.obj
                0x00000000100053f8                usbd_edpt_open
 .text.usbd_open_edpt_pair
                0x0000000010005450       0x8c CMakeFiles/pico_neo_pixel.dir/home/spencer/pico-sdk/lib/tinyusb/src/device/usbd.c.obj
                0x0000000010005450                usbd_open_edpt_pair
 .text.usbd_edpt_claim
                0x00000000100054dc       0x8c CMakeFiles/pico_neo_pixel.dir/home/spencer/pico-sdk/lib/tinyusb/src/device/usbd.c.obj
                0x00000000100054dc                usbd_edpt_claim
 .text.usbd_edpt_release
                0x0000000010005568       0x68 CMakeFiles/pico_neo_pixel.dir/home/spencer/pico-sdk/lib/tinyusb/src/device/usbd.c.obj
                0x0000000010005568                usbd_edpt_release
 .text.usbd_edpt_xfer
                0x00000000100055d0       0x80 CMakeFiles/pico_neo_pixel.dir/home/spencer/pico-sdk/lib/tinyusb/src/device/usbd.c.obj
                0x00000000100055d0                usbd_edpt_xfer
 .text.usbd_edpt_stall
                0x0000000010005650       0x40 CMakeFiles/pico_neo_pixel.dir/home/spencer/pico-sdk/lib/tinyusb/src/device/usbd.c.obj
                0x0000000010005650                usbd_edpt_stall
 .text.usbd_edpt_clear_stall
                0x0000000010005690       0x40 CMakeFiles/pico_neo_pixel.dir/home/spencer/pico-sdk/lib/tinyusb/src/device/usbd.c.obj
                0x0000000010005690                usbd_edpt_clear_stall
 .text.usbd_edpt_stalled
                0x00000000100056d0       0x1c CMakeFiles/pico_neo_pixel.dir/home/spencer/pico-sdk/lib/tinyusb/src/device/usbd.c.obj
                0x00000000100056d0                usbd_edpt_stalled
 .text.process_control_request
                0x00000000100056ec      0x3b8 CMakeFiles/pico_neo_pixel.dir/home/spencer/pico-sdk/lib/tinyusb/src/device/usbd.c.obj
 .text.tud_task
                0x0000000010005aa4      0x218 CMakeFiles/pico_neo_pixel.dir/home/spencer/pico-sdk/lib/tinyusb/src/device/usbd.c.obj
                0x0000000010005aa4                tud_task
 .text._data_stage_xact
                0x0000000010005cbc       0x58 CMakeFiles/pico_neo_pixel.dir/home/spencer/pico-sdk/lib/tinyusb/src/device/usbd_control.c.obj
 .text.tud_control_status
                0x0000000010005d14       0x38 CMakeFiles/pico_neo_pixel.dir/home/spencer/pico-sdk/lib/tinyusb/src/device/usbd_control.c.obj
                0x0000000010005d14                tud_control_status
 .text.tud_control_xfer
                0x0000000010005d4c       0xa8 CMakeFiles/pico_neo_pixel.dir/home/spencer/pico-sdk/lib/tinyusb/src/device/usbd_control.c.obj
                0x0000000010005d4c                tud_control_xfer
 .text.usbd_control_reset
                0x0000000010005df4       0x14 CMakeFiles/pico_neo_pixel.dir/home/spencer/pico-sdk/lib/tinyusb/src/device/usbd_control.c.obj
                0x0000000010005df4                usbd_control_reset
 .text.usbd_control_set_complete_callback
                0x0000000010005e08        0xc CMakeFiles/pico_neo_pixel.dir/home/spencer/pico-sdk/lib/tinyusb/src/device/usbd_control.c.obj
                0x0000000010005e08                usbd_control_set_complete_callback
 .text.usbd_control_set_request
                0x0000000010005e14       0x1c CMakeFiles/pico_neo_pixel.dir/home/spencer/pico-sdk/lib/tinyusb/src/device/usbd_control.c.obj
                0x0000000010005e14                usbd_control_set_request
 .text.usbd_control_xfer_cb
                0x0000000010005e30       0xfc CMakeFiles/pico_neo_pixel.dir/home/spencer/pico-sdk/lib/tinyusb/src/device/usbd_control.c.obj
                0x0000000010005e30                usbd_control_xfer_cb
 .text._prep_out_transaction
                0x0000000010005f2c       0x46 CMakeFiles/pico_neo_pixel.dir/home/spencer/pico-sdk/lib/tinyusb/src/class/cdc/cdc_device.c.obj
 *fill*         0x0000000010005f72        0x2 
 .text.tud_cdc_n_connected
                0x0000000010005f74       0x44 CMakeFiles/pico_neo_pixel.dir/home/spencer/pico-sdk/lib/tinyusb/src/class/cdc/cdc_device.c.obj
                0x0000000010005f74                tud_cdc_n_connected
 .text.tud_cdc_n_available
                0x0000000010005fb8       0x18 CMakeFiles/pico_neo_pixel.dir/home/spencer/pico-sdk/lib/tinyusb/src/class/cdc/cdc_device.c.obj
                0x0000000010005fb8                tud_cdc_n_available
 .text.tud_cdc_n_read
                0x0000000010005fd0       0x28 CMakeFiles/pico_neo_pixel.dir/home/spencer/pico-sdk/lib/tinyusb/src/class/cdc/cdc_device.c.obj
                0x0000000010005fd0                tud_cdc_n_read
 .text.tud_cdc_n_write_flush
                0x0000000010005ff8       0xcc CMakeFiles/pico_neo_pixel.dir/home/spencer/pico-sdk/lib/tinyusb/src/class/cdc/cdc_device.c.obj
                0x0000000010005ff8                tud_cdc_n_write_flush
 .text.tud_cdc_n_write
                0x00000000100060c4       0x38 CMakeFiles/pico_neo_pixel.dir/home/spencer/pico-sdk/lib/tinyusb/src/class/cdc/cdc_device.c.obj
                0x00000000100060c4                tud_cdc_n_write
 .text.tud_cdc_n_write_available
                0x00000000100060fc       0x1c CMakeFiles/pico_neo_pixel.dir/home/spencer/pico-sdk/lib/tinyusb/src/class/cdc/cdc_device.c.obj
                0x00000000100060fc                tud_cdc_n_write_available
 .text.cdcd_init
                0x0000000010006118       0xbc CMakeFiles/pico_neo_pixel.dir/home/spencer/pico-sdk/lib/tinyusb/src/class/cdc/cdc_device.c.obj
                0x0000000010006118                cdcd_init
 .text.cdcd_reset
                0x00000000100061d4       0x44 CMakeFiles/pico_neo_pixel.dir/home/spencer/pico-sdk/lib/tinyusb/src/class/cdc/cdc_device.c.obj
                0x00000000100061d4                cdcd_reset
 .text.cdcd_open
                0x0000000010006218       0xf8 CMakeFiles/pico_neo_pixel.dir/home/spencer/pico-sdk/lib/tinyusb/src/class/cdc/cdc_device.c.obj
                0x0000000010006218                cdcd_open
 .text.cdcd_control_xfer_cb
                0x0000000010006310      0x134 CMakeFiles/pico_neo_pixel.dir/home/spencer/pico-sdk/lib/tinyusb/src/class/cdc/cdc_device.c.obj
                0x0000000010006310                cdcd_control_xfer_cb
 .text.cdcd_xfer_cb
                0x0000000010006444      0x144 CMakeFiles/pico_neo_pixel.dir/home/spencer/pico-sdk/lib/tinyusb/src/class/cdc/cdc_device.c.obj
                0x0000000010006444                cdcd_xfer_cb
 .text.tusb_init
                0x0000000010006588       0x24 CMakeFiles/pico_neo_pixel.dir/home/spencer/pico-sdk/lib/tinyusb/src/tusb.c.obj
                0x0000000010006588                tusb_init
 .text.tusb_inited
                0x00000000100065ac        0xe CMakeFiles/pico_neo_pixel.dir/home/spencer/pico-sdk/lib/tinyusb/src/tusb.c.obj
                0x00000000100065ac                tusb_inited
 *fill*         0x00000000100065ba        0x2 
 .text.tu_edpt_validate
                0x00000000100065bc       0xa8 CMakeFiles/pico_neo_pixel.dir/home/spencer/pico-sdk/lib/tinyusb/src/tusb.c.obj
                0x00000000100065bc                tu_edpt_validate
 .text.tu_edpt_bind_driver
                0x0000000010006664       0x2a CMakeFiles/pico_neo_pixel.dir/home/spencer/pico-sdk/lib/tinyusb/src/tusb.c.obj
                0x0000000010006664                tu_edpt_bind_driver
 .text.advance_pointer
                0x000000001000668e       0x18 CMakeFiles/pico_neo_pixel.dir/home/spencer/pico-sdk/lib/tinyusb/src/common/tusb_fifo.c.obj
 .text.backward_pointer
                0x00000000100066a6       0x1e CMakeFiles/pico_neo_pixel.dir/home/spencer/pico-sdk/lib/tinyusb/src/common/tusb_fifo.c.obj
 .text.get_relative_pointer
                0x00000000100066c4       0x10 CMakeFiles/pico_neo_pixel.dir/home/spencer/pico-sdk/lib/tinyusb/src/common/tusb_fifo.c.obj
 .text._tu_fifo_peek
                0x00000000100066d4       0x50 CMakeFiles/pico_neo_pixel.dir/home/spencer/pico-sdk/lib/tinyusb/src/common/tusb_fifo.c.obj
 .text._ff_pull_const_addr
                0x0000000010006724       0x4c CMakeFiles/pico_neo_pixel.dir/home/spencer/pico-sdk/lib/tinyusb/src/common/tusb_fifo.c.obj
 .text._ff_pull_n
                0x0000000010006770      0x10c CMakeFiles/pico_neo_pixel.dir/home/spencer/pico-sdk/lib/tinyusb/src/common/tusb_fifo.c.obj
 .text._tu_fifo_peek_n
                0x000000001000687c       0x5e CMakeFiles/pico_neo_pixel.dir/home/spencer/pico-sdk/lib/tinyusb/src/common/tusb_fifo.c.obj
 .text._tu_fifo_read_n
                0x00000000100068da       0x4e CMakeFiles/pico_neo_pixel.dir/home/spencer/pico-sdk/lib/tinyusb/src/common/tusb_fifo.c.obj
 .text._ff_push_const_addr
                0x0000000010006928       0x40 CMakeFiles/pico_neo_pixel.dir/home/spencer/pico-sdk/lib/tinyusb/src/common/tusb_fifo.c.obj
 .text._ff_push_n
                0x0000000010006968      0x108 CMakeFiles/pico_neo_pixel.dir/home/spencer/pico-sdk/lib/tinyusb/src/common/tusb_fifo.c.obj
 .text._tu_fifo_write_n
                0x0000000010006a70       0x9e CMakeFiles/pico_neo_pixel.dir/home/spencer/pico-sdk/lib/tinyusb/src/common/tusb_fifo.c.obj
 .text.tu_fifo_config
                0x0000000010006b0e       0x72 CMakeFiles/pico_neo_pixel.dir/home/spencer/pico-sdk/lib/tinyusb/src/common/tusb_fifo.c.obj
                0x0000000010006b0e                tu_fifo_config
 .text.tu_fifo_count
                0x0000000010006b80       0x26 CMakeFiles/pico_neo_pixel.dir/home/spencer/pico-sdk/lib/tinyusb/src/common/tusb_fifo.c.obj
                0x0000000010006b80                tu_fifo_count
 .text.tu_fifo_empty
                0x0000000010006ba6       0x10 CMakeFiles/pico_neo_pixel.dir/home/spencer/pico-sdk/lib/tinyusb/src/common/tusb_fifo.c.obj
                0x0000000010006ba6                tu_fifo_empty
 .text.tu_fifo_remaining
                0x0000000010006bb6       0x20 CMakeFiles/pico_neo_pixel.dir/home/spencer/pico-sdk/lib/tinyusb/src/common/tusb_fifo.c.obj
                0x0000000010006bb6                tu_fifo_remaining
 .text.tu_fifo_read
                0x0000000010006bd6       0x42 CMakeFiles/pico_neo_pixel.dir/home/spencer/pico-sdk/lib/tinyusb/src/common/tusb_fifo.c.obj
                0x0000000010006bd6                tu_fifo_read
 .text.tu_fifo_read_n
                0x0000000010006c18        0xa CMakeFiles/pico_neo_pixel.dir/home/spencer/pico-sdk/lib/tinyusb/src/common/tusb_fifo.c.obj
                0x0000000010006c18                tu_fifo_read_n
 .text.tu_fifo_write
                0x0000000010006c22       0x6c CMakeFiles/pico_neo_pixel.dir/home/spencer/pico-sdk/lib/tinyusb/src/common/tusb_fifo.c.obj
                0x0000000010006c22                tu_fifo_write
 .text.tu_fifo_write_n
                0x0000000010006c8e        0xa CMakeFiles/pico_neo_pixel.dir/home/spencer/pico-sdk/lib/tinyusb/src/common/tusb_fifo.c.obj
                0x0000000010006c8e                tu_fifo_write_n
 .text.tu_fifo_clear
                0x0000000010006c98       0x4c CMakeFiles/pico_neo_pixel.dir/home/spencer/pico-sdk/lib/tinyusb/src/common/tusb_fifo.c.obj
                0x0000000010006c98                tu_fifo_clear
 .text.tu_fifo_set_overwritable
                0x0000000010006ce4       0x3c CMakeFiles/pico_neo_pixel.dir/home/spencer/pico-sdk/lib/tinyusb/src/common/tusb_fifo.c.obj
                0x0000000010006ce4                tu_fifo_set_overwritable
 .text._retrieve_unique_id_on_boot
                0x0000000010006d20       0x10 CMakeFiles/pico_neo_pixel.dir/home/spencer/pico-sdk/src/rp2_common/pico_unique_id/unique_id.c.obj
 .text.pico_get_unique_board_id_string
                0x0000000010006d30       0x60 CMakeFiles/pico_neo_pixel.dir/home/spencer/pico-sdk/src/rp2_common/pico_unique_id/unique_id.c.obj
                0x0000000010006d30                pico_get_unique_board_id_string
 .text.flash_get_unique_id
                0x0000000010006d90       0x46 CMakeFiles/pico_neo_pixel.dir/home/spencer/pico-sdk/src/rp2_common/hardware_flash/flash.c.obj
                0x0000000010006d90                flash_get_unique_id
 *fill*         0x0000000010006dd6        0x2 
 .text          0x0000000010006dd8       0x5c /usr/lib/gcc/arm-none-eabi/10.3.1/../../../arm-none-eabi/lib/thumb/v6-m/nofp/libg.a(lib_a-strlen-stub.o)
                0x0000000010006dd8                strlen
 *(.fini)
 .fini          0x0000000010006e34        0x4 /usr/lib/gcc/arm-none-eabi/10.3.1/thumb/v6-m/nofp/crti.o
                0x0000000010006e34                _fini
 .fini.__stub   0x0000000010006e38       0x70 linker stubs
 *crtbegin.o(.ctors)
 *crtbegin?.o(.ctors)
 *(EXCLUDE_FILE(*crtend.o *crtend?.o) .ctors)
 *(SORT_BY_NAME(.ctors.*))
 *(.ctors)
 *crtbegin.o(.dtors)
 *crtbegin?.o(.dtors)
 *(EXCLUDE_FILE(*crtend.o *crtend?.o) .dtors)
 *(SORT_BY_NAME(.dtors.*))
 *(.dtors)
 *(.eh_frame*)
 .eh_frame      0x0000000010006ea8        0x0 /usr/lib/gcc/arm-none-eabi/10.3.1/thumb/v6-m/nofp/crtbegin.o
                0x0000000010006ea8                . = ALIGN (0x4)

.glue_7         0x0000000010006ea8        0x0
 .glue_7        0x0000000010006ea8        0x0 linker stubs

.glue_7t        0x0000000010006ea8        0x0
 .glue_7t       0x0000000010006ea8        0x0 linker stubs

.vfp11_veneer   0x0000000010006ea8        0x0
 .vfp11_veneer  0x0000000010006ea8        0x0 linker stubs

.v4_bx          0x0000000010006ea8        0x0
 .v4_bx         0x0000000010006ea8        0x0 linker stubs

.iplt           0x0000000010006ea8        0x0
 .iplt          0x0000000010006ea8        0x0 /usr/lib/gcc/arm-none-eabi/10.3.1/thumb/v6-m/nofp/crtbegin.o

.rodata         0x0000000010006ea8     0x1540
 *(EXCLUDE_FILE(*libm.a: *libc.a:*lib_a-mem*.o *libgcc.a:) .rodata*)
 .rodata.main.str1.4
                0x0000000010006ea8       0x6e CMakeFiles/pico_neo_pixel.dir/pico_neo_pixel.c.obj
 *fill*         0x0000000010006f16        0x2 
 .rodata.__func__.0
                0x0000000010006f18       0x15 CMakeFiles/pico_neo_pixel.dir/pico_neo_pixel.c.obj
 *fill*         0x0000000010006f2d        0x3 
 .rodata.spin_lock_claim_unused.str1.4
                0x0000000010006f30       0x1b CMakeFiles/pico_neo_pixel.dir/home/spencer/pico-sdk/src/rp2_common/hardware_sync/sync.c.obj
 *fill*         0x0000000010006f4b        0x1 
 .rodata.repeating_timer_callback.str1.4
                0x0000000010006f4c       0x47 CMakeFiles/pico_neo_pixel.dir/home/spencer/pico-sdk/src/common/pico_time/time.c.obj
 *fill*         0x0000000010006f93        0x1 
 .rodata.alarm_pool_dump_key.str1.4
                0x0000000010006f94       0x33 CMakeFiles/pico_neo_pixel.dir/home/spencer/pico-sdk/src/common/pico_time/time.c.obj
 *fill*         0x0000000010006fc7        0x1 
 .rodata.ph_add_child_node.str1.4
                0x0000000010006fc8       0x92 CMakeFiles/pico_neo_pixel.dir/home/spencer/pico-sdk/src/common/pico_time/time.c.obj
 *fill*         0x000000001000705a        0x2 
 .rodata.add_alarm_under_lock.str1.4
                0x000000001000705c       0x28 CMakeFiles/pico_neo_pixel.dir/home/spencer/pico-sdk/src/common/pico_time/time.c.obj
                                         0x2b (size before relaxing)
 .rodata.alarm_pool_alarm_callback.str1.4
                0x0000000010007084       0x82 CMakeFiles/pico_neo_pixel.dir/home/spencer/pico-sdk/src/common/pico_time/time.c.obj
                                         0xe2 (size before relaxing)
 *fill*         0x0000000010007106        0x2 
 .rodata.alarm_pool_get_default.str1.4
                0x0000000010007108       0x21 CMakeFiles/pico_neo_pixel.dir/home/spencer/pico-sdk/src/common/pico_time/time.c.obj
 *fill*         0x0000000010007129        0x3 
 .rodata.alarm_pool_cancel_alarm.str1.4
                0x000000001000712c       0x27 CMakeFiles/pico_neo_pixel.dir/home/spencer/pico-sdk/src/common/pico_time/time.c.obj
 *fill*         0x0000000010007153        0x1 
 .rodata.__func__.1
                0x0000000010007154       0x18 CMakeFiles/pico_neo_pixel.dir/home/spencer/pico-sdk/src/common/pico_time/time.c.obj
 .rodata.__func__.10
                0x000000001000716c       0x15 CMakeFiles/pico_neo_pixel.dir/home/spencer/pico-sdk/src/common/pico_time/time.c.obj
 *fill*         0x0000000010007181        0x3 
 .rodata.__func__.11
                0x0000000010007184       0x1a CMakeFiles/pico_neo_pixel.dir/home/spencer/pico-sdk/src/common/pico_time/time.c.obj
 *fill*         0x000000001000719e        0x2 
 .rodata.__func__.12
                0x00000000100071a0        0xa CMakeFiles/pico_neo_pixel.dir/home/spencer/pico-sdk/src/common/pico_time/time.c.obj
 *fill*         0x00000000100071aa        0x2 
 .rodata.__func__.3
                0x00000000100071ac       0x17 CMakeFiles/pico_neo_pixel.dir/home/spencer/pico-sdk/src/common/pico_time/time.c.obj
 *fill*         0x00000000100071c3        0x1 
 .rodata.__func__.4
                0x00000000100071c4       0x12 CMakeFiles/pico_neo_pixel.dir/home/spencer/pico-sdk/src/common/pico_time/time.c.obj
 *fill*         0x00000000100071d6        0x2 
 .rodata.__func__.5
                0x00000000100071d8        0xd CMakeFiles/pico_neo_pixel.dir/home/spencer/pico-sdk/src/common/pico_time/time.c.obj
 *fill*         0x00000000100071e5        0x3 
 .rodata.__func__.6
                0x00000000100071e8       0x12 CMakeFiles/pico_neo_pixel.dir/home/spencer/pico-sdk/src/common/pico_time/time.c.obj
 *fill*         0x00000000100071fa        0x2 
 .rodata.__func__.7
                0x00000000100071fc        0xf CMakeFiles/pico_neo_pixel.dir/home/spencer/pico-sdk/src/common/pico_time/time.c.obj
 *fill*         0x000000001000720b        0x1 
 .rodata.__func__.8
                0x000000001000720c        0xc CMakeFiles/pico_neo_pixel.dir/home/spencer/pico-sdk/src/common/pico_time/time.c.obj
 .rodata.__func__.9
                0x0000000010007218       0x15 CMakeFiles/pico_neo_pixel.dir/home/spencer/pico-sdk/src/common/pico_time/time.c.obj
 *fill*         0x000000001000722d        0x3 
 .rodata.hardware_alarm_claim.str1.4
                0x0000000010007230       0x22 CMakeFiles/pico_neo_pixel.dir/home/spencer/pico-sdk/src/rp2_common/hardware_timer/timer.c.obj
 *fill*         0x0000000010007252        0x2 
 .rodata.hardware_alarm_set_target.str1.4
                0x0000000010007254       0x61 CMakeFiles/pico_neo_pixel.dir/home/spencer/pico-sdk/src/rp2_common/hardware_timer/timer.c.obj
 *fill*         0x00000000100072b5        0x3 
 .rodata.__func__.0
                0x00000000100072b8       0x1a CMakeFiles/pico_neo_pixel.dir/home/spencer/pico-sdk/src/rp2_common/hardware_timer/timer.c.obj
 *fill*         0x00000000100072d2        0x2 
 .rodata.str1.4
                0x00000000100072d4       0x85 CMakeFiles/pico_neo_pixel.dir/home/spencer/pico-sdk/src/common/pico_sync/mutex.c.obj
                                         0xe5 (size before relaxing)
 *fill*         0x0000000010007359        0x3 
 .rodata.__func__.1
                0x000000001000735c        0xb CMakeFiles/pico_neo_pixel.dir/home/spencer/pico-sdk/src/common/pico_sync/mutex.c.obj
 *fill*         0x0000000010007367        0x1 
 .rodata.__func__.3
                0x0000000010007368       0x18 CMakeFiles/pico_neo_pixel.dir/home/spencer/pico-sdk/src/common/pico_sync/mutex.c.obj
 .rodata.__func__.4
                0x0000000010007380       0x15 CMakeFiles/pico_neo_pixel.dir/home/spencer/pico-sdk/src/common/pico_sync/mutex.c.obj
 .rodata.ph_add_child_node.str1.4
                0x0000000010007395       0x92 CMakeFiles/pico_neo_pixel.dir/home/spencer/pico-sdk/src/common/pico_util/pheap.c.obj
 *fill*         0x0000000010007395        0x3 
 .rodata.ph_remove_any_head.str1.4
                0x0000000010007398       0x88 CMakeFiles/pico_neo_pixel.dir/home/spencer/pico-sdk/src/common/pico_util/pheap.c.obj
 .rodata.ph_remove_and_free_node.str1.4
                0x0000000010007420       0x26 CMakeFiles/pico_neo_pixel.dir/home/spencer/pico-sdk/src/common/pico_util/pheap.c.obj
 *fill*         0x0000000010007446        0x2 
 .rodata.__func__.0
                0x0000000010007448       0x18 CMakeFiles/pico_neo_pixel.dir/home/spencer/pico-sdk/src/common/pico_util/pheap.c.obj
 .rodata.__func__.1
                0x0000000010007460       0x13 CMakeFiles/pico_neo_pixel.dir/home/spencer/pico-sdk/src/common/pico_util/pheap.c.obj
 *fill*         0x0000000010007473        0x1 
 .rodata.__func__.2
                0x0000000010007474       0x12 CMakeFiles/pico_neo_pixel.dir/home/spencer/pico-sdk/src/common/pico_util/pheap.c.obj
 *fill*         0x0000000010007486        0x2 
 .rodata.__func__.3
                0x0000000010007488        0xc CMakeFiles/pico_neo_pixel.dir/home/spencer/pico-sdk/src/common/pico_util/pheap.c.obj
 .rodata.__assert_func.str1.4
                0x0000000010007494       0x3f CMakeFiles/pico_neo_pixel.dir/home/spencer/pico-sdk/src/rp2_common/pico_runtime/runtime.c.obj
                                         0x43 (size before relaxing)
 *fill*         0x00000000100074d3        0x1 
 .rodata.runtime_init.str1.4
                0x00000000100074d4       0x5d CMakeFiles/pico_neo_pixel.dir/home/spencer/pico-sdk/src/rp2_common/pico_runtime/runtime.c.obj
 *fill*         0x0000000010007531        0x3 
 .rodata.panic.str1.4
                0x0000000010007534       0x12 CMakeFiles/pico_neo_pixel.dir/home/spencer/pico-sdk/src/rp2_common/pico_runtime/runtime.c.obj
 *fill*         0x0000000010007546        0x2 
 .rodata.__func__.1
                0x0000000010007548        0xd CMakeFiles/pico_neo_pixel.dir/home/spencer/pico-sdk/src/rp2_common/pico_runtime/runtime.c.obj
 *fill*         0x0000000010007555        0x3 
 .rodata.clock_configure.str1.4
                0x0000000010007558       0x53 CMakeFiles/pico_neo_pixel.dir/home/spencer/pico-sdk/src/rp2_common/hardware_clocks/clocks.c.obj
 *fill*         0x00000000100075ab        0x1 
 .rodata.__func__.1
                0x00000000100075ac       0x10 CMakeFiles/pico_neo_pixel.dir/home/spencer/pico-sdk/src/rp2_common/hardware_clocks/clocks.c.obj
 .rodata.make_branch.str1.4
                0x00000000100075bc       0x49 CMakeFiles/pico_neo_pixel.dir/home/spencer/pico-sdk/src/rp2_common/hardware_irq/irq.c.obj
 *fill*         0x0000000010007605        0x3 
 .rodata.irq_set_exclusive_handler.str1.4
                0x0000000010007608       0x36 CMakeFiles/pico_neo_pixel.dir/home/spencer/pico-sdk/src/rp2_common/hardware_irq/irq.c.obj
 *fill*         0x000000001000763e        0x2 
 .rodata.irq_add_shared_handler.str1.4
                0x0000000010007640       0xd9 CMakeFiles/pico_neo_pixel.dir/home/spencer/pico-sdk/src/rp2_common/hardware_irq/irq.c.obj
 *fill*         0x0000000010007719        0x3 
 .rodata.irq_remove_handler.str1.4
                0x000000001000771c       0x2a CMakeFiles/pico_neo_pixel.dir/home/spencer/pico-sdk/src/rp2_common/hardware_irq/irq.c.obj
 *fill*         0x0000000010007746        0x2 
 .rodata.irq_add_tail_to_free_list.str1.4
                0x0000000010007748       0x32 CMakeFiles/pico_neo_pixel.dir/home/spencer/pico-sdk/src/rp2_common/hardware_irq/irq.c.obj
                                         0x3a (size before relaxing)
 *fill*         0x000000001000777a        0x2 
 .rodata.__func__.0
                0x000000001000777c       0x1a CMakeFiles/pico_neo_pixel.dir/home/spencer/pico-sdk/src/rp2_common/hardware_irq/irq.c.obj
 *fill*         0x0000000010007796        0x2 
 .rodata.__func__.1
                0x0000000010007798       0x17 CMakeFiles/pico_neo_pixel.dir/home/spencer/pico-sdk/src/rp2_common/hardware_irq/irq.c.obj
 *fill*         0x00000000100077af        0x1 
 .rodata.__func__.2
                0x00000000100077b0       0x13 CMakeFiles/pico_neo_pixel.dir/home/spencer/pico-sdk/src/rp2_common/hardware_irq/irq.c.obj
 *fill*         0x00000000100077c3        0x1 
 .rodata.__func__.3
                0x00000000100077c4        0xc CMakeFiles/pico_neo_pixel.dir/home/spencer/pico-sdk/src/rp2_common/hardware_irq/irq.c.obj
 .rodata.__func__.4
                0x00000000100077d0        0xf CMakeFiles/pico_neo_pixel.dir/home/spencer/pico-sdk/src/rp2_common/hardware_irq/irq.c.obj
 *fill*         0x00000000100077df        0x1 
 .rodata.__func__.6
                0x00000000100077e0       0x1a CMakeFiles/pico_neo_pixel.dir/home/spencer/pico-sdk/src/rp2_common/hardware_irq/irq.c.obj
 *fill*         0x00000000100077fa        0x2 
 .rodata.pll_init.str1.4
                0x00000000100077fc       0xd7 CMakeFiles/pico_neo_pixel.dir/home/spencer/pico-sdk/src/rp2_common/hardware_pll/pll.c.obj
 *fill*         0x00000000100078d3        0x1 
 .rodata.__func__.0
                0x00000000100078d4        0x9 CMakeFiles/pico_neo_pixel.dir/home/spencer/pico-sdk/src/rp2_common/hardware_pll/pll.c.obj
 *fill*         0x00000000100078dd        0x3 
 .rodata._ftoa.str1.4
                0x00000000100078e0       0x15 CMakeFiles/pico_neo_pixel.dir/home/spencer/pico-sdk/src/rp2_common/pico_printf/printf.c.obj
 *fill*         0x00000000100078f5        0x3 
 .rodata._vsnprintf
                0x00000000100078f8      0x1e0 CMakeFiles/pico_neo_pixel.dir/home/spencer/pico-sdk/src/rp2_common/pico_printf/printf.c.obj
 .rodata.pow10.0
                0x0000000010007ad8       0x50 CMakeFiles/pico_neo_pixel.dir/home/spencer/pico-sdk/src/rp2_common/pico_printf/printf.c.obj
 .rodata.__aeabi_double_init.str1.4
                0x0000000010007b28       0xa4 CMakeFiles/pico_neo_pixel.dir/home/spencer/pico-sdk/src/rp2_common/pico_double/double_init_rom.c.obj
 .rodata.__func__.0
                0x0000000010007bcc       0x14 CMakeFiles/pico_neo_pixel.dir/home/spencer/pico-sdk/src/rp2_common/pico_double/double_init_rom.c.obj
 .rodata.__aeabi_float_init.str1.4
                0x0000000010007be0       0x76 CMakeFiles/pico_neo_pixel.dir/home/spencer/pico-sdk/src/rp2_common/pico_float/float_init_rom.c.obj
                                         0x7a (size before relaxing)
 *fill*         0x0000000010007c56        0x2 
 .rodata.__func__.0
                0x0000000010007c58       0x13 CMakeFiles/pico_neo_pixel.dir/home/spencer/pico-sdk/src/rp2_common/pico_float/float_init_rom.c.obj
 *fill*         0x0000000010007c6b        0x1 
 .rodata.str1.4
                0x0000000010007c6c       0x48 CMakeFiles/pico_neo_pixel.dir/home/spencer/pico-sdk/src/rp2_common/pico_standard_link/binary_info.c.obj
 .rodata.__bi_44
                0x0000000010007cb4        0xc CMakeFiles/pico_neo_pixel.dir/home/spencer/pico-sdk/src/rp2_common/pico_standard_link/binary_info.c.obj
 .rodata.__bi_56
                0x0000000010007cc0        0xc CMakeFiles/pico_neo_pixel.dir/home/spencer/pico-sdk/src/rp2_common/pico_standard_link/binary_info.c.obj
 .rodata.__bi_75
                0x0000000010007ccc        0xc CMakeFiles/pico_neo_pixel.dir/home/spencer/pico-sdk/src/rp2_common/pico_standard_link/binary_info.c.obj
 .rodata.__bi_81
                0x0000000010007cd8        0xc CMakeFiles/pico_neo_pixel.dir/home/spencer/pico-sdk/src/rp2_common/pico_standard_link/binary_info.c.obj
 .rodata.crlf_str.3
                0x0000000010007ce4        0x2 CMakeFiles/pico_neo_pixel.dir/home/spencer/pico-sdk/src/rp2_common/pico_stdio/stdio.c.obj
 *fill*         0x0000000010007ce6        0x2 
 .rodata._resetd_driver
                0x0000000010007ce8       0x18 CMakeFiles/pico_neo_pixel.dir/home/spencer/pico-sdk/src/rp2_common/pico_stdio_usb/reset_interface.c.obj
 .rodata.stdio_usb_init.str1.4
                0x0000000010007d00       0x5d CMakeFiles/pico_neo_pixel.dir/home/spencer/pico-sdk/src/rp2_common/pico_stdio_usb/stdio_usb.c.obj
 .rodata.str1.4
                0x0000000010007d00       0x13 CMakeFiles/pico_neo_pixel.dir/home/spencer/pico-sdk/src/rp2_common/pico_stdio_usb/stdio_usb.c.obj
 *fill*         0x0000000010007d13        0x1 
 .rodata.__bi_93.1
                0x0000000010007d14        0xc CMakeFiles/pico_neo_pixel.dir/home/spencer/pico-sdk/src/rp2_common/pico_stdio_usb/stdio_usb.c.obj
 .rodata.__func__.0
                0x0000000010007d20       0x15 CMakeFiles/pico_neo_pixel.dir/home/spencer/pico-sdk/src/rp2_common/pico_stdio_usb/stdio_usb.c.obj
 *fill*         0x0000000010007d35        0x3 
 .rodata.str1.4
                0x0000000010007d38       0x2a CMakeFiles/pico_neo_pixel.dir/home/spencer/pico-sdk/src/rp2_common/pico_stdio_usb/stdio_usb_descriptors.c.obj
 *fill*         0x0000000010007d62        0x2 
 .rodata.usbd_desc_cfg
                0x0000000010007d64       0x54 CMakeFiles/pico_neo_pixel.dir/home/spencer/pico-sdk/src/rp2_common/pico_stdio_usb/stdio_usb_descriptors.c.obj
 .rodata.usbd_desc_device
                0x0000000010007db8       0x12 CMakeFiles/pico_neo_pixel.dir/home/spencer/pico-sdk/src/rp2_common/pico_stdio_usb/stdio_usb_descriptors.c.obj
 *fill*         0x0000000010007dca        0x2 
 .rodata.usbd_desc_str
                0x0000000010007dcc       0x18 CMakeFiles/pico_neo_pixel.dir/home/spencer/pico-sdk/src/rp2_common/pico_stdio_usb/stdio_usb_descriptors.c.obj
 .rodata._hw_endpoint_alloc.str1.4
                0x0000000010007de4       0xb1 CMakeFiles/pico_neo_pixel.dir/home/spencer/pico-sdk/lib/tinyusb/src/portable/raspberrypi/rp2040/dcd_rp2040.c.obj
 *fill*         0x0000000010007e95        0x3 
 .rodata.dcd_rp2040_irq.str1.4
                0x0000000010007e98       0x14 CMakeFiles/pico_neo_pixel.dir/home/spencer/pico-sdk/lib/tinyusb/src/portable/raspberrypi/rp2040/dcd_rp2040.c.obj
 .rodata.dcd_int_enable.str1.4
                0x0000000010007eac        0xc CMakeFiles/pico_neo_pixel.dir/home/spencer/pico-sdk/lib/tinyusb/src/portable/raspberrypi/rp2040/dcd_rp2040.c.obj
 .rodata.__func__.0
                0x0000000010007eb8        0xe CMakeFiles/pico_neo_pixel.dir/home/spencer/pico-sdk/lib/tinyusb/src/portable/raspberrypi/rp2040/dcd_rp2040.c.obj
 *fill*         0x0000000010007ec6        0x2 
 .rodata.__func__.1
                0x0000000010007ec8        0xe CMakeFiles/pico_neo_pixel.dir/home/spencer/pico-sdk/lib/tinyusb/src/portable/raspberrypi/rp2040/dcd_rp2040.c.obj
 *fill*         0x0000000010007ed6        0x2 
 .rodata.__func__.3
                0x0000000010007ed8       0x10 CMakeFiles/pico_neo_pixel.dir/home/spencer/pico-sdk/lib/tinyusb/src/portable/raspberrypi/rp2040/dcd_rp2040.c.obj
 .rodata.__func__.5
                0x0000000010007ee8        0xf CMakeFiles/pico_neo_pixel.dir/home/spencer/pico-sdk/lib/tinyusb/src/portable/raspberrypi/rp2040/dcd_rp2040.c.obj
 *fill*         0x0000000010007ef7        0x1 
 .rodata.__func__.6
                0x0000000010007ef8       0x13 CMakeFiles/pico_neo_pixel.dir/home/spencer/pico-sdk/lib/tinyusb/src/portable/raspberrypi/rp2040/dcd_rp2040.c.obj
 *fill*         0x0000000010007f0b        0x1 
 .rodata.__func__.7
                0x0000000010007f0c        0x9 CMakeFiles/pico_neo_pixel.dir/home/spencer/pico-sdk/lib/tinyusb/src/portable/raspberrypi/rp2040/dcd_rp2040.c.obj
 *fill*         0x0000000010007f15        0x3 
 .rodata.sync_ep_buffer.str1.4
                0x0000000010007f18       0x8d CMakeFiles/pico_neo_pixel.dir/home/spencer/pico-sdk/lib/tinyusb/src/portable/raspberrypi/rp2040/rp2040_usb.c.obj
 *fill*         0x0000000010007fa5        0x3 
 .rodata._hw_endpoint_buffer_control_update32.str1.4
                0x0000000010007fa8       0x1f CMakeFiles/pico_neo_pixel.dir/home/spencer/pico-sdk/lib/tinyusb/src/portable/raspberrypi/rp2040/rp2040_usb.c.obj
 *fill*         0x0000000010007fc7        0x1 
 .rodata.hw_endpoint_xfer_start.str1.4
                0x0000000010007fc8       0x38 CMakeFiles/pico_neo_pixel.dir/home/spencer/pico-sdk/lib/tinyusb/src/portable/raspberrypi/rp2040/rp2040_usb.c.obj
 .rodata.hw_endpoint_xfer_continue.str1.4
                0x0000000010008000       0x29 CMakeFiles/pico_neo_pixel.dir/home/spencer/pico-sdk/lib/tinyusb/src/portable/raspberrypi/rp2040/rp2040_usb.c.obj
 *fill*         0x0000000010008029        0x3 
 .rodata.str1.4
                0x000000001000802c        0x7 CMakeFiles/pico_neo_pixel.dir/home/spencer/pico-sdk/lib/tinyusb/src/portable/raspberrypi/rp2040/rp2040_usb.c.obj
 *fill*         0x0000000010008033        0x1 
 .rodata.__func__.0
                0x0000000010008034        0xf CMakeFiles/pico_neo_pixel.dir/home/spencer/pico-sdk/lib/tinyusb/src/portable/raspberrypi/rp2040/rp2040_usb.c.obj
 *fill*         0x0000000010008043        0x1 
 .rodata.process_set_config.str1.4
                0x0000000010008044       0x17 CMakeFiles/pico_neo_pixel.dir/home/spencer/pico-sdk/lib/tinyusb/src/device/usbd.c.obj
 *fill*         0x000000001000805b        0x1 
 .rodata.process_get_descriptor
                0x000000001000805c       0x40 CMakeFiles/pico_neo_pixel.dir/home/spencer/pico-sdk/lib/tinyusb/src/device/usbd.c.obj
 .rodata.process_control_request
                0x000000001000809c       0x28 CMakeFiles/pico_neo_pixel.dir/home/spencer/pico-sdk/lib/tinyusb/src/device/usbd.c.obj
 .rodata.tud_task
                0x00000000100080c4       0x24 CMakeFiles/pico_neo_pixel.dir/home/spencer/pico-sdk/lib/tinyusb/src/device/usbd.c.obj
 .rodata.__func__.2
                0x00000000100080e8        0xf CMakeFiles/pico_neo_pixel.dir/home/spencer/pico-sdk/lib/tinyusb/src/device/usbd.c.obj
 *fill*         0x00000000100080f7        0x1 
 .rodata.__func__.3
                0x00000000100080f8        0xf CMakeFiles/pico_neo_pixel.dir/home/spencer/pico-sdk/lib/tinyusb/src/device/usbd.c.obj
 *fill*         0x0000000010008107        0x1 
 .rodata.__func__.4
                0x0000000010008108       0x14 CMakeFiles/pico_neo_pixel.dir/home/spencer/pico-sdk/lib/tinyusb/src/device/usbd.c.obj
 .rodata.__func__.5
                0x000000001000811c       0x10 CMakeFiles/pico_neo_pixel.dir/home/spencer/pico-sdk/lib/tinyusb/src/device/usbd.c.obj
 .rodata.__func__.6
                0x000000001000812c       0x17 CMakeFiles/pico_neo_pixel.dir/home/spencer/pico-sdk/lib/tinyusb/src/device/usbd.c.obj
 *fill*         0x0000000010008143        0x1 
 .rodata.__func__.7
                0x0000000010008144       0x13 CMakeFiles/pico_neo_pixel.dir/home/spencer/pico-sdk/lib/tinyusb/src/device/usbd.c.obj
 *fill*         0x0000000010008157        0x1 
 .rodata.__func__.8
                0x0000000010008158       0x18 CMakeFiles/pico_neo_pixel.dir/home/spencer/pico-sdk/lib/tinyusb/src/device/usbd.c.obj
 .rodata.__func__.9
                0x0000000010008170        0x9 CMakeFiles/pico_neo_pixel.dir/home/spencer/pico-sdk/lib/tinyusb/src/device/usbd.c.obj
 *fill*         0x0000000010008179        0x3 
 .rodata._usbd_driver
                0x000000001000817c       0x18 CMakeFiles/pico_neo_pixel.dir/home/spencer/pico-sdk/lib/tinyusb/src/device/usbd.c.obj
 .rodata.tud_control_xfer.str1.4
                0x0000000010008194       0x17 CMakeFiles/pico_neo_pixel.dir/home/spencer/pico-sdk/lib/tinyusb/src/device/usbd_control.c.obj
 .rodata.__func__.0
                0x0000000010008194       0x15 CMakeFiles/pico_neo_pixel.dir/home/spencer/pico-sdk/lib/tinyusb/src/device/usbd_control.c.obj
 *fill*         0x00000000100081a9        0x3 
 .rodata.__func__.1
                0x00000000100081ac       0x11 CMakeFiles/pico_neo_pixel.dir/home/spencer/pico-sdk/lib/tinyusb/src/device/usbd_control.c.obj
 .rodata.tud_cdc_n_write_flush.str1.4
                0x00000000100081bd       0x17 CMakeFiles/pico_neo_pixel.dir/home/spencer/pico-sdk/lib/tinyusb/src/class/cdc/cdc_device.c.obj
 *fill*         0x00000000100081bd        0x3 
 .rodata.__func__.0
                0x00000000100081c0        0xd CMakeFiles/pico_neo_pixel.dir/home/spencer/pico-sdk/lib/tinyusb/src/class/cdc/cdc_device.c.obj
 *fill*         0x00000000100081cd        0x3 
 .rodata.__func__.1
                0x00000000100081d0        0xa CMakeFiles/pico_neo_pixel.dir/home/spencer/pico-sdk/lib/tinyusb/src/class/cdc/cdc_device.c.obj
 *fill*         0x00000000100081da        0x2 
 .rodata.__func__.2
                0x00000000100081dc       0x16 CMakeFiles/pico_neo_pixel.dir/home/spencer/pico-sdk/lib/tinyusb/src/class/cdc/cdc_device.c.obj
 .rodata.tusb_init.str1.4
                0x00000000100081f2       0x17 CMakeFiles/pico_neo_pixel.dir/home/spencer/pico-sdk/lib/tinyusb/src/tusb.c.obj
 *fill*         0x00000000100081f2        0x2 
 .rodata.__func__.0
                0x00000000100081f4       0x11 CMakeFiles/pico_neo_pixel.dir/home/spencer/pico-sdk/lib/tinyusb/src/tusb.c.obj
 *fill*         0x0000000010008205        0x3 
 .rodata.__func__.1
                0x0000000010008208        0xa CMakeFiles/pico_neo_pixel.dir/home/spencer/pico-sdk/lib/tinyusb/src/tusb.c.obj
 *fill*         0x0000000010008212        0x2 
 .rodata.pico_get_unique_board_id_string.str1.4
                0x0000000010008214       0x49 CMakeFiles/pico_neo_pixel.dir/home/spencer/pico-sdk/src/rp2_common/pico_unique_id/unique_id.c.obj
 *fill*         0x000000001000825d        0x3 
 .rodata.__func__.0
                0x0000000010008260       0x20 CMakeFiles/pico_neo_pixel.dir/home/spencer/pico-sdk/src/rp2_common/pico_unique_id/unique_id.c.obj
 .rodata.str1.4
                0x0000000010008280      0x156 CMakeFiles/pico_neo_pixel.dir/home/spencer/pico-sdk/src/rp2_common/hardware_flash/flash.c.obj
 *fill*         0x00000000100083d6        0x2 
 .rodata.__func__.0
                0x00000000100083d8        0xd CMakeFiles/pico_neo_pixel.dir/home/spencer/pico-sdk/src/rp2_common/hardware_flash/flash.c.obj
                0x00000000100083e8                . = ALIGN (0x4)
 *fill*         0x00000000100083e5        0x3 
 *(SORT_BY_ALIGNMENT(SORT_BY_NAME(.flashdata*)))
                0x00000000100083e8                . = ALIGN (0x4)

.rel.dyn        0x00000000100083e8        0x0
 .rel.iplt      0x00000000100083e8        0x0 /usr/lib/gcc/arm-none-eabi/10.3.1/thumb/v6-m/nofp/crtbegin.o

.ARM.extab
 *(.ARM.extab* .gnu.linkonce.armextab.*)
                0x00000000100083e8                __exidx_start = .

.ARM.exidx
 *(.ARM.exidx* .gnu.linkonce.armexidx.*)
                0x00000000100083e8                __exidx_end = .
                0x00000000100083e8                . = ALIGN (0x4)
                0x00000000100083e8                __binary_info_start = .

.binary_info    0x00000000100083e8       0x24
 *(.binary_info.keep.*)
 .binary_info.keep.__bi_ptr22
                0x00000000100083e8        0x4 CMakeFiles/pico_neo_pixel.dir/home/spencer/pico-sdk/src/rp2_common/pico_standard_link/binary_info.c.obj
 .binary_info.keep.__bi_ptr30
                0x00000000100083ec        0x4 CMakeFiles/pico_neo_pixel.dir/home/spencer/pico-sdk/src/rp2_common/pico_standard_link/binary_info.c.obj
 .binary_info.keep.__bi_ptr38
                0x00000000100083f0        0x4 CMakeFiles/pico_neo_pixel.dir/home/spencer/pico-sdk/src/rp2_common/pico_standard_link/binary_info.c.obj
 .binary_info.keep.__bi_ptr44
                0x00000000100083f4        0x4 CMakeFiles/pico_neo_pixel.dir/home/spencer/pico-sdk/src/rp2_common/pico_standard_link/binary_info.c.obj
 .binary_info.keep.__bi_ptr50
                0x00000000100083f8        0x4 CMakeFiles/pico_neo_pixel.dir/home/spencer/pico-sdk/src/rp2_common/pico_standard_link/binary_info.c.obj
 .binary_info.keep.__bi_ptr56
                0x00000000100083fc        0x4 CMakeFiles/pico_neo_pixel.dir/home/spencer/pico-sdk/src/rp2_common/pico_standard_link/binary_info.c.obj
 .binary_info.keep.__bi_ptr75
                0x0000000010008400        0x4 CMakeFiles/pico_neo_pixel.dir/home/spencer/pico-sdk/src/rp2_common/pico_standard_link/binary_info.c.obj
 .binary_info.keep.__bi_ptr81
                0x0000000010008404        0x4 CMakeFiles/pico_neo_pixel.dir/home/spencer/pico-sdk/src/rp2_common/pico_standard_link/binary_info.c.obj
 *(.binary_info.*)
 .binary_info.__bi_ptr93
                0x0000000010008408        0x4 CMakeFiles/pico_neo_pixel.dir/home/spencer/pico-sdk/src/rp2_common/pico_stdio_usb/stdio_usb.c.obj
                0x000000001000840c                __binary_info_end = .
                0x000000001000840c                . = ALIGN (0x4)
                0x000000001000840c                __etext = .

.ram_vector_table
                0x0000000020000000       0xc0
 *(.ram_vector_table)
 .ram_vector_table
                0x0000000020000000       0xc0 CMakeFiles/pico_neo_pixel.dir/home/spencer/pico-sdk/src/rp2_common/pico_runtime/runtime.c.obj
                0x0000000020000000                ram_vector_table

.data           0x00000000200000c0      0x460 load address 0x000000001000840c
                0x00000000200000c0                __data_start__ = .
 *(vtable)
 *(.time_critical*)
 .time_critical.mutex_enter_blocking
                0x00000000200000c0       0x48 CMakeFiles/pico_neo_pixel.dir/home/spencer/pico-sdk/src/common/pico_sync/mutex.c.obj
                0x00000000200000c0                mutex_enter_blocking
 .time_critical.mutex_try_enter
                0x0000000020000108       0x46 CMakeFiles/pico_neo_pixel.dir/home/spencer/pico-sdk/src/common/pico_sync/mutex.c.obj
                0x0000000020000108                mutex_try_enter
 *fill*         0x000000002000014e        0x2 
 .time_critical.mutex_enter_block_until
                0x0000000020000150       0x8c CMakeFiles/pico_neo_pixel.dir/home/spencer/pico-sdk/src/common/pico_sync/mutex.c.obj
                0x0000000020000150                mutex_enter_block_until
 .time_critical.mutex_enter_timeout_ms
                0x00000000200001dc       0x74 CMakeFiles/pico_neo_pixel.dir/home/spencer/pico-sdk/src/common/pico_sync/mutex.c.obj
                0x00000000200001dc                mutex_enter_timeout_ms
 .time_critical.mutex_exit
                0x0000000020000250       0x4c CMakeFiles/pico_neo_pixel.dir/home/spencer/pico-sdk/src/common/pico_sync/mutex.c.obj
                0x0000000020000250                mutex_exit
 .time_critical.flash_init_boot2_copyout
                0x000000002000029c       0x30 CMakeFiles/pico_neo_pixel.dir/home/spencer/pico-sdk/src/rp2_common/hardware_flash/flash.c.obj
 .time_critical.flash_enable_xip_via_boot2
                0x00000000200002cc       0x10 CMakeFiles/pico_neo_pixel.dir/home/spencer/pico-sdk/src/rp2_common/hardware_flash/flash.c.obj
 .time_critical.flash_cs_force
                0x00000000200002dc       0x28 CMakeFiles/pico_neo_pixel.dir/home/spencer/pico-sdk/src/rp2_common/hardware_flash/flash.c.obj
 .time_critical.flash_do_cmd
                0x0000000020000304       0xd8 CMakeFiles/pico_neo_pixel.dir/home/spencer/pico-sdk/src/rp2_common/hardware_flash/flash.c.obj
                0x0000000020000304                flash_do_cmd
 *(.text*)
 .text          0x00000000200003dc        0x4 /usr/lib/gcc/arm-none-eabi/10.3.1/thumb/v6-m/nofp/libgcc.a(_dvmd_tls.o)
                0x00000000200003dc                __aeabi_ldiv0
                0x00000000200003dc                __aeabi_idiv0
 .text.__stub   0x00000000200003e0       0x40 linker stubs
                0x0000000020000420                . = ALIGN (0x4)
 *(.rodata*)
                0x0000000020000420                . = ALIGN (0x4)
 *(.data*)
 .data.striped_spin_lock_num
                0x0000000020000420        0x1 CMakeFiles/pico_neo_pixel.dir/home/spencer/pico-sdk/src/rp2_common/hardware_sync/sync.c.obj
 *fill*         0x0000000020000421        0x3 
 .data.default_alarm_pool
                0x0000000020000424       0x18 CMakeFiles/pico_neo_pixel.dir/home/spencer/pico-sdk/src/common/pico_time/time.c.obj
 .data.default_alarm_pool_heap
                0x000000002000043c       0x10 CMakeFiles/pico_neo_pixel.dir/home/spencer/pico-sdk/src/common/pico_time/time.c.obj
 .data          0x000000002000044c       0x48 CMakeFiles/pico_neo_pixel.dir/home/spencer/pico-sdk/src/rp2_common/hardware_irq/irq_handler_chain.S.obj
                0x000000002000044c                irq_handler_chain_slots
                0x000000002000047c                irq_handler_chain_first_slot
                0x0000000020000486                irq_handler_chain_remove_tail
 *fill*         0x0000000020000494        0xc 
 .data.aeabi_bits_funcs
                0x00000000200004a0       0x10 CMakeFiles/pico_neo_pixel.dir/home/spencer/pico-sdk/src/rp2_common/pico_bit_ops/bit_ops_aeabi.S.obj
                0x00000000200004a0                aeabi_bits_funcs
                0x00000000200004b0                aeabi_bits_funcs_end
 .data.aeabi_mem_funcs
                0x00000000200004b0       0x10 CMakeFiles/pico_neo_pixel.dir/home/spencer/pico-sdk/src/rp2_common/pico_mem_ops/mem_ops_aeabi.S.obj
                0x00000000200004b0                aeabi_mem_funcs
                0x00000000200004c0                aeabi_mem_funcs_end
 .data.stdio_usb
                0x00000000200004c0       0x14 CMakeFiles/pico_neo_pixel.dir/home/spencer/pico-sdk/src/rp2_common/pico_stdio_usb/stdio_usb.c.obj
                0x00000000200004c0                stdio_usb
 .data.ep_dir_string
                0x00000000200004d4        0x8 CMakeFiles/pico_neo_pixel.dir/home/spencer/pico-sdk/lib/tinyusb/src/portable/raspberrypi/rp2040/rp2040_usb.c.obj
                0x00000000200004d4                ep_dir_string
 .data._usbd_qdef
                0x00000000200004dc       0x24 CMakeFiles/pico_neo_pixel.dir/home/spencer/pico-sdk/lib/tinyusb/src/device/usbd.c.obj
                0x00000000200004dc                _usbd_qdef
                0x0000000020000500                . = ALIGN (0x4)
 *(.after_data.*)
                0x0000000020000500                . = ALIGN (0x4)
                0x0000000020000500                PROVIDE (__mutex_array_start = .)
 *(SORT_BY_NAME(.mutex_array.*))
 *(.mutex_array)
 .mutex_array   0x0000000020000500        0x8 CMakeFiles/pico_neo_pixel.dir/home/spencer/pico-sdk/src/rp2_common/pico_stdio/stdio.c.obj
                0x0000000020000508                PROVIDE (__mutex_array_end = .)
                0x0000000020000508                . = ALIGN (0x4)
                0x0000000020000508                PROVIDE (__preinit_array_start = .)
 *(SORT_BY_NAME(.preinit_array.*))
 .preinit_array.00001
                0x0000000020000508        0x4 CMakeFiles/pico_neo_pixel.dir/home/spencer/pico-sdk/src/rp2_common/pico_mem_ops/mem_ops_aeabi.S.obj
 .preinit_array.00010
                0x000000002000050c        0x4 CMakeFiles/pico_neo_pixel.dir/home/spencer/pico-sdk/src/rp2_common/pico_bit_ops/bit_ops_aeabi.S.obj
 .preinit_array.00020
                0x0000000020000510        0x4 CMakeFiles/pico_neo_pixel.dir/home/spencer/pico-sdk/src/rp2_common/pico_double/double_aeabi.S.obj
 .preinit_array.00020
                0x0000000020000514        0x4 CMakeFiles/pico_neo_pixel.dir/home/spencer/pico-sdk/src/rp2_common/pico_float/float_aeabi.S.obj
 *(.preinit_array)
                0x0000000020000518                PROVIDE (__preinit_array_end = .)
                0x0000000020000518                . = ALIGN (0x4)
                0x0000000020000518                PROVIDE (__init_array_start = .)
 *(SORT_BY_NAME(.init_array.*))
 *(.init_array)
 .init_array    0x0000000020000518        0x4 /usr/lib/gcc/arm-none-eabi/10.3.1/thumb/v6-m/nofp/crtbegin.o
 .init_array    0x000000002000051c        0x4 CMakeFiles/pico_neo_pixel.dir/home/spencer/pico-sdk/src/rp2_common/pico_unique_id/unique_id.c.obj
                0x0000000020000520                PROVIDE (__init_array_end = .)
                0x0000000020000520                . = ALIGN (0x4)
                0x0000000020000520                PROVIDE (__fini_array_start = .)
 *(SORT_BY_NAME(.fini_array.*))
 *(.fini_array)
                0x0000000020000520                PROVIDE (__fini_array_end = .)
 *(.jcr)
                0x0000000020000520                . = ALIGN (0x4)
                0x0000000020000520                __data_end__ = .

.tm_clone_table
                0x0000000020000520        0x0 load address 0x000000001000886c
 .tm_clone_table
                0x0000000020000520        0x0 /usr/lib/gcc/arm-none-eabi/10.3.1/thumb/v6-m/nofp/crtbegin.o
 .tm_clone_table
                0x0000000020000520        0x0 /usr/lib/gcc/arm-none-eabi/10.3.1/thumb/v6-m/nofp/crtend.o

.igot.plt       0x0000000020000520        0x0 load address 0x000000001000886c
 .igot.plt      0x0000000020000520        0x0 /usr/lib/gcc/arm-none-eabi/10.3.1/thumb/v6-m/nofp/crtbegin.o

.uninitialized_data
                0x0000000020000520        0x0 load address 0x000000001000886c
                0x0000000020000520                . = ALIGN (0x4)
 *(.uninitialized_data*)

.scratch_x      0x0000000020040000        0x0 load address 0x000000001000886c
                0x0000000020040000                __scratch_x_start__ = .
 *(.scratch_x.*)
                0x0000000020040000                . = ALIGN (0x4)
                0x0000000020040000                __scratch_x_end__ = .
                0x000000001000886c                __scratch_x_source__ = LOADADDR (.scratch_x)
